Component: ARM Compiler 5.06 update 7 (build 960) Tool: armlink [4d3601]

==============================================================================

Section Cross References

    startup_stm32f429xx.o(STACK) refers (Special) to heapauxi.o(.text) for __use_two_region_memory
    startup_stm32f429xx.o(HEAP) refers (Special) to heapauxi.o(.text) for __use_two_region_memory
    startup_stm32f429xx.o(RESET) refers (Special) to heapauxi.o(.text) for __use_two_region_memory
    startup_stm32f429xx.o(RESET) refers to startup_stm32f429xx.o(STACK) for __initial_sp
    startup_stm32f429xx.o(RESET) refers to startup_stm32f429xx.o(.text) for Reset_Handler
    startup_stm32f429xx.o(RESET) refers to stm32f4xx_it.o(i.NMI_Handler) for NMI_Handler
    startup_stm32f429xx.o(RESET) refers to stm32f4xx_it.o(i.HardFault_Handler) for HardFault_Handler
    startup_stm32f429xx.o(RESET) refers to stm32f4xx_it.o(i.MemManage_Handler) for MemManage_Handler
    startup_stm32f429xx.o(RESET) refers to stm32f4xx_it.o(i.BusFault_Handler) for BusFault_Handler
    startup_stm32f429xx.o(RESET) refers to stm32f4xx_it.o(i.UsageFault_Handler) for UsageFault_Handler
    startup_stm32f429xx.o(RESET) refers to stm32f4xx_it.o(i.SVC_Handler) for SVC_Handler
    startup_stm32f429xx.o(RESET) refers to stm32f4xx_it.o(i.DebugMon_Handler) for DebugMon_Handler
    startup_stm32f429xx.o(RESET) refers to stm32f4xx_it.o(i.PendSV_Handler) for PendSV_Handler
    startup_stm32f429xx.o(RESET) refers to stm32f4xx_it.o(i.SysTick_Handler) for SysTick_Handler
    startup_stm32f429xx.o(.text) refers (Special) to heapauxi.o(.text) for __use_two_region_memory
    startup_stm32f429xx.o(.text) refers to system_stm32f4xx.o(i.SystemInit) for SystemInit
    startup_stm32f429xx.o(.text) refers to __main.o(!!!main) for __main
    startup_stm32f429xx.o(.text) refers to startup_stm32f429xx.o(HEAP) for Heap_Mem
    startup_stm32f429xx.o(.text) refers to startup_stm32f429xx.o(STACK) for Stack_Mem
    main.o(i.BL_uart_read_data) refers to rt_memclr_w.o(.text) for __aeabi_memclr4
    main.o(i.BL_uart_read_data) refers to main.o(i.bootloader_printDebugMsg) for bootloader_printDebugMsg
    main.o(i.BL_uart_read_data) refers to stm32f4xx_hal_uart.o(i.HAL_UART_Receive) for HAL_UART_Receive
    main.o(i.BL_uart_read_data) refers to main.o(i.bootloader_handle_getver_cmd) for bootloader_handle_getver_cmd
    main.o(i.BL_uart_read_data) refers to main.o(i.bootloader_handle_gethelp_cmd) for bootloader_handle_gethelp_cmd
    main.o(i.BL_uart_read_data) refers to main.o(i.bootloader_handle_getcid_cmd) for bootloader_handle_getcid_cmd
    main.o(i.BL_uart_read_data) refers to main.o(i.bootloader_handle_getrdp_cmd) for bootloader_handle_getrdp_cmd
    main.o(i.BL_uart_read_data) refers to main.o(i.bootloader_handle_go_cmd) for bootloader_handle_go_cmd
    main.o(i.BL_uart_read_data) refers to main.o(i.bootloader_handle_flash_erase_cmd) for bootloader_handle_flash_erase_cmd
    main.o(i.BL_uart_read_data) refers to main.o(i.bootloader_handle_mem_write_cmd) for bootloader_handle_mem_write_cmd
    main.o(i.BL_uart_read_data) refers to main.o(i.bootloader_handle_en_rw_protect) for bootloader_handle_en_rw_protect
    main.o(i.BL_uart_read_data) refers to main.o(i.bootloader_handle_mem_read) for bootloader_handle_mem_read
    main.o(i.BL_uart_read_data) refers to main.o(i.bootloader_handle_read_sector_protection_status) for bootloader_handle_read_sector_protection_status
    main.o(i.BL_uart_read_data) refers to main.o(i.bootloader_handle_read_otp) for bootloader_handle_read_otp
    main.o(i.BL_uart_read_data) refers to main.o(i.bootloader_handle_dis_rw_protect) for bootloader_handle_dis_rw_protect
    main.o(i.BL_uart_read_data) refers to main.o(i.bootloader_handle_image_update) for bootloader_handle_image_update
    main.o(i.BL_uart_read_data) refers to main.o(.bss) for rx_buff
    main.o(i.MX_CRC_Init) refers to stm32f4xx_hal_crc.o(i.HAL_CRC_Init) for HAL_CRC_Init
    main.o(i.MX_CRC_Init) refers to main.o(i.Error_Handler) for Error_Handler
    main.o(i.MX_CRC_Init) refers to main.o(.data) for hcrc
    main.o(i.MX_GPIO_Init) refers to rt_memclr_w.o(.text) for __aeabi_memclr4
    main.o(i.MX_GPIO_Init) refers to stm32f4xx_hal_gpio.o(i.HAL_GPIO_WritePin) for HAL_GPIO_WritePin
    main.o(i.MX_GPIO_Init) refers to stm32f4xx_hal_gpio.o(i.HAL_GPIO_Init) for HAL_GPIO_Init
    main.o(i.MX_USART1_UART_Init) refers to stm32f4xx_hal_uart.o(i.HAL_UART_Init) for HAL_UART_Init
    main.o(i.MX_USART1_UART_Init) refers to main.o(i.Error_Handler) for Error_Handler
    main.o(i.MX_USART1_UART_Init) refers to main.o(.bss) for huart1
    main.o(i.MX_USART2_UART_Init) refers to stm32f4xx_hal_uart.o(i.HAL_UART_Init) for HAL_UART_Init
    main.o(i.MX_USART2_UART_Init) refers to main.o(i.Error_Handler) for Error_Handler
    main.o(i.MX_USART2_UART_Init) refers to main.o(.bss) for huart2
    main.o(i.SystemClock_Config) refers to rt_memclr_w.o(.text) for __aeabi_memclr4
[...]
    i.HAL_NVIC_SetPriorityGrouping           0x08002848   Section        0  stm32f4xx_hal_cortex.o(i.HAL_NVIC_SetPriorityGrouping)
    i.HAL_RCC_ClockConfig                    0x08002870   Section        0  stm32f4xx_hal_rcc.o(i.HAL_RCC_ClockConfig)
    i.HAL_RCC_GetHCLKFreq                    0x080029f4   Section        0  stm32f4xx_hal_rcc.o(i.HAL_RCC_GetHCLKFreq)
    i.HAL_RCC_GetPCLK1Freq                   0x08002a00   Section        0  stm32f4xx_hal_rcc.o(i.HAL_RCC_GetPCLK1Freq)
    i.HAL_RCC_GetPCLK2Freq                   0x08002a20   Section        0  stm32f4xx_hal_rcc.o(i.HAL_RCC_GetPCLK2Freq)
    i.HAL_RCC_GetSysClockFreq                0x08002a40   Section        0  stm32f4xx_hal_rcc.o(i.HAL_RCC_GetSysClockFreq)
    i.HAL_RCC_OscConfig                      0x08002af0   Section        0  stm32f4xx_hal_rcc.o(i.HAL_RCC_OscConfig)
    i.HAL_SYSTICK_Config                     0x08002f8c   Section        0  stm32f4xx_hal_cortex.o(i.HAL_SYSTICK_Config)
    i.HAL_UART_Init                          0x08002fc0   Section        0  stm32f4xx_hal_uart.o(i.HAL_UART_Init)
    i.HAL_UART_MspInit                       0x08003034   Section        0  stm32f4xx_hal_msp.o(i.HAL_UART_MspInit)
    i.HAL_UART_Receive                       0x08003134   Section        0  stm32f4xx_hal_uart.o(i.HAL_UART_Receive)
    i.HAL_UART_Transmit                      0x08003210   Section        0  stm32f4xx_hal_uart.o(i.HAL_UART_Transmit)
    i.HardFault_Handler                      0x080032e2   Section        0  stm32f4xx_it.o(i.HardFault_Handler)
    i.MX_CRC_Init                            0x080032e8   Section        0  main.o(i.MX_CRC_Init)
    MX_CRC_Init                              0x080032e9   Thumb Code    22  main.o(i.MX_CRC_Init)
    i.MX_GPIO_Init                           0x08003308   Section        0  main.o(i.MX_GPIO_Init)
    MX_GPIO_Init                             0x08003309   Thumb Code   164  main.o(i.MX_GPIO_Init)
    i.MX_USART1_UART_Init                    0x080033b8   Section        0  main.o(i.MX_USART1_UART_Init)
    MX_USART1_UART_Init                      0x080033b9   Thumb Code    46  main.o(i.MX_USART1_UART_Init)
    i.MX_USART2_UART_Init                    0x080033f0   Section        0  main.o(i.MX_USART2_UART_Init)
    MX_USART2_UART_Init                      0x080033f1   Thumb Code    46  main.o(i.MX_USART2_UART_Init)
    i.MemManage_Handler                      0x08003428   Section        0  stm32f4xx_it.o(i.MemManage_Handler)
    i.NMI_Handler                            0x0800342c   Section        0  stm32f4xx_it.o(i.NMI_Handler)
    i.PendSV_Handler                         0x08003430   Section        0  stm32f4xx_it.o(i.PendSV_Handler)
    i.SVC_Handler                            0x08003432   Section        0  stm32f4xx_it.o(i.SVC_Handler)
    i.SysTick_Handler                        0x08003434   Section        0  stm32f4xx_it.o(i.SysTick_Handler)
    i.SystemClock_Config                     0x0800343c   Section        0  main.o(i.SystemClock_Config)
    i.SystemInit                             0x080034d8   Section        0  system_stm32f4xx.o(i.SystemInit)
    i.UART_SetConfig                         0x080034ec   Section        0  stm32f4xx_hal_uart.o(i.UART_SetConfig)
    UART_SetConfig                           0x080034ed   Thumb Code   546  stm32f4xx_hal_uart.o(i.UART_SetConfig)
    i.UART_WaitOnFlagUntilTimeout            0x08003718   Section        0  stm32f4xx_hal_uart.o(i.UART_WaitOnFlagUntilTimeout)
    UART_WaitOnFlagUntilTimeout              0x08003719   Thumb Code   146  stm32f4xx_hal_uart.o(i.UART_WaitOnFlagUntilTimeout)
    i.UsageFault_Handler                     0x080037aa   Section        0  stm32f4xx_it.o(i.UsageFault_Handler)
    i.__ARM_fpclassify                       0x080037ae   Section        0  fpclassify.o(i.__ARM_fpclassify)
    i.__NVIC_GetPriorityGrouping             0x080037e0   Section        0  stm32f4xx_hal_cortex.o(i.__NVIC_GetPriorityGrouping)
    __NVIC_GetPriorityGrouping               0x080037e1   Thumb Code    10  stm32f4xx_hal_cortex.o(i.__NVIC_GetPriorityGrouping)
    i.__NVIC_SetPriority                     0x080037f0   Section        0  stm32f4xx_hal_cortex.o(i.__NVIC_SetPriority)
    __NVIC_SetPriority                       0x080037f1   Thumb Code    32  stm32f4xx_hal_cortex.o(i.__NVIC_SetPriority)
    i._is_digit                              0x08003818   Section        0  __printf_wp.o(i._is_digit)
    i.bootloader_boot_from_image             0x08003828   Section        0  main.o(i.bootloader_boot_from_image)
    i.bootloader_get_image_name              0x08003878   Section        0  main.o(i.bootloader_get_image_name)
    i.bootloader_get_reset_image_settings    0x0800388c   Section        0  main.o(i.bootloader_get_reset_image_settings)
    i.bootloader_handle_dis_rw_protect       0x080038d0   Section        0  main.o(i.bootloader_handle_dis_rw_protect)
    i.bootloader_handle_en_rw_protect        0x080038d2   Section        0  main.o(i.bootloader_handle_en_rw_protect)
    i.bootloader_handle_flash_erase_cmd      0x080038d4   Section        0  main.o(i.bootloader_handle_flash_erase_cmd)
    i.bootloader_handle_getcid_cmd           0x0800392c   Section        0  main.o(i.bootloader_handle_getcid_cmd)
    i.bootloader_handle_gethelp_cmd          0x0800397c   Section        0  main.o(i.bootloader_handle_gethelp_cmd)
    i.bootloader_handle_getrdp_cmd           0x080039d8   Section        0  main.o(i.bootloader_handle_getrdp_cmd)
    i.bootloader_handle_getver_cmd           0x08003a28   Section        0  main.o(i.bootloader_handle_getver_cmd)
    i.bootloader_handle_go_cmd               0x08003a70   Section        0  main.o(i.bootloader_handle_go_cmd)
    i.bootloader_handle_image_update         0x08003ae4   Section        0  main.o(i.bootloader_handle_image_update)
    i.bootloader_handle_mem_read             0x08003d84   Section        0  main.o(i.bootloader_handle_mem_read)
    i.bootloader_handle_mem_write_cmd        0x08003d88   Section        0  main.o(i.bootloader_handle_mem_write_cmd)
    i.bootloader_handle_read_otp             0x08003de4   Section        0  main.o(i.bootloader_handle_read_otp)
    i.bootloader_handle_read_sector_protection_status 0x08003de6   Section        0  main.o(i.bootloader_handle_read_sector_protection_status)
    i.bootloader_printDebugMsg               0x08003de8   Section        0  main.o(i.bootloader_printDebugMsg)
    i.bootloader_sendMessage                 0x08003e70   Section        0  main.o(i.bootloader_sendMessage)
    i.bootloader_send_ack                    0x08003e94   Section        0  main.o(i.bootloader_send_ack)
    i.bootloader_send_nack                   0x08003eb8   Section        0  main.o(i.bootloader_send_nack)
    i.bootloader_set_msp_and_jump_to_reset_handler 0x08003ed4   Section        0  main.o(i.bootloader_set_msp_and_jump_to_reset_handler)
    i.bootloader_uart_write_data             0x08003f58   Section        0  main.o(i.bootloader_uart_write_data)
    i.bootloader_write_image_settings        0x08003f74   Section        0  main.o(i.bootloader_write_image_settings)
    i.execute_flash_erase                    0x08003fb8   Section        0  main.o(i.execute_flash_erase)
    i.flash_execute_mem_write                0x080040ec   Section        0  main.o(i.flash_execute_mem_write)
    i.get_CRC32                              0x0800414c   Section        0  main.o(i.get_CRC32)
    i.get_bootloader_version                 0x08004198   Section        0  main.o(i.get_bootloader_version)
    i.get_image_to_update                    0x0800419c   Section        0  main.o(i.get_image_to_update)
    i.main                                   0x0800425c   Section        0  main.o(i.main)
    i.verify_crc                             0x080044b8   Section        0  main.o(i.verify_crc)
    i.verify_image_crc                       0x080044d4   Section        0  main.o(i.verify_image_crc)
    locale$$code                             0x080044f0   Section       44  lc_numeric_c.o(locale$$code)
    locale$$code                             0x0800451c   Section       44  lc_ctype_c.o(locale$$code)
    x$fpl$fpinit                             0x08004548   Section       10  fpinit.o(x$fpl$fpinit)
    $v0                                      0x08004548   Number         0  fpinit.o(x$fpl$fpinit)
    x$fpl$printf1                            0x08004552   Section        4  printf1.o(x$fpl$printf1)
    $v0                                      0x08004552   Number         0  printf1.o(x$fpl$printf1)
    x$fpl$printf2                            0x08004556   Section        4  printf2.o(x$fpl$printf2)
    $v0                                      0x08004556   Number         0  printf2.o(x$fpl$printf2)
    .constdata                               0x0800455a   Section       24  system_stm32f4xx.o(.constdata)
    x$fpl$usenofp                            0x0800455a   Section        0  usenofp.o(x$fpl$usenofp)
    .constdata                               0x08004574   Section        8  _printf_wctomb.o(.constdata)
    initial_mbstate                          0x08004574   Data           8  _printf_wctomb.o(.constdata)
    .constdata                               0x0800457c   Section       40  _printf_hex_int_ll_ptr.o(.constdata)
    uc_hextab                                0x0800457c   Data          20  _printf_hex_int_ll_ptr.o(.constdata)
    lc_hextab                                0x08004590   Data          20  _printf_hex_int_ll_ptr.o(.constdata)
    .constdata                               0x080045a4   Section       17  __printf_flags_ss_wp.o(.constdata)
    maptable                                 0x080045a4   Data          17  __printf_flags_ss_wp.o(.constdata)
    .constdata                               0x080045b5   Section       38  _printf_fp_hex.o(.constdata)
    lc_hextab                                0x080045b5   Data          19  _printf_fp_hex.o(.constdata)
    uc_hextab                                0x080045c8   Data          19  _printf_fp_hex.o(.constdata)
    .constdata                               0x080045dc   Section      148  bigflt0.o(.constdata)
    tenpwrs_x                                0x080045dc   Data          60  bigflt0.o(.constdata)
    tenpwrs_i                                0x08004618   Data          64  bigflt0.o(.constdata)
    locale$$data                             0x08004690   Section       28  lc_numeric_c.o(locale$$data)
    __lcnum_c_name                           0x08004694   Data           2  lc_numeric_c.o(locale$$data)
    __lcnum_c_start                          0x0800469c   Data           0  lc_numeric_c.o(locale$$data)
    __lcnum_c_point                          0x080046a8   Data           0  lc_numeric_c.o(locale$$data)
    __lcnum_c_thousands                      0x080046aa   Data           0  lc_numeric_c.o(locale$$data)
    __lcnum_c_grouping                       0x080046ab   Data           0  lc_numeric_c.o(locale$$data)
    locale$$data                             0x080046ac   Section      272  lc_ctype_c.o(locale$$data)
    __lcnum_c_end                            0x080046ac   Data           0  lc_numeric_c.o(locale$$data)
    __lcctype_c_name                         0x080046b0   Data           2  lc_ctype_c.o(locale$$data)
    __lcctype_c_start                        0x080046b8   Data           0  lc_ctype_c.o(locale$$data)
    __lcctype_c_end                          0x080047bc   Data           0  lc_ctype_c.o(locale$$data)
    .data                                    0x20000000   Section        8  main.o(.data)
    .data                                    0x20000008   Section        9  stm32f4xx_hal.o(.data)
    .data                                    0x20000014   Section        4  system_stm32f4xx.o(.data)
    .bss                                     0x20000018   Section      336  main.o(.bss)
    .bss                                     0x20000168   Section       32  stm32f4xx_hal_flash.o(.bss)
    .bss                                     0x20000188   Section       96  libspace.o(.bss)
    HEAP                                     0x200001e8   Section      512  startup_stm32f429xx.o(HEAP)
    Heap_Mem                                 0x200001e8   Data         512  startup_stm32f429xx.o(HEAP)
    STACK                                    0x200003e8   Section     1024  startup_stm32f429xx.o(STACK)
    Stack_Mem                                0x200003e8   Data        1024  startup_stm32f429xx.o(STACK)
    __initial_sp                             0x200007e8   Data           0  startup_stm32f429xx.o(STACK)

    Global Symbols

    Symbol Name                              Value     Ov Type        Size  Object(Section)

    BuildAttributes$$THM_ISAv4$E$P$D$K$B$S$7EM$VFPi3$EXTD16$VFPS$VFMA$PE$A:L22UL41UL21$X:L11$S22US41US21$IEEE1$IW$USESV6$~STKCKD$USESV7$~SHL$OTIME$ROPI$IEEEJ$EBA8$UX$STANDARDLIB$REQ8$PRES8$EABIv2 0x00000000   Number         0  anon$$obj.o ABSOLUTE
    __ARM_use_no_argv                        0x00000000   Number         0  main.o ABSOLUTE
    _printf_flags                            0x00000000   Number         0  printf_stubs.o ABSOLUTE
    _printf_return_value                     0x00000000   Number         0  printf_stubs.o ABSOLUTE
    _printf_sizespec                         0x00000000   Number         0  printf_stubs.o ABSOLUTE
    _printf_widthprec                        0x00000000   Number         0  printf_stubs.o ABSOLUTE
    __ARM_exceptions_init                     - Undefined Weak Reference
    __alloca_initialize                       - Undefined Weak Reference
    __arm_fini_                               - Undefined Weak Reference
    __arm_preinit_                            - Undefined Weak Reference
    __cpp_initialize__aeabi_                  - Undefined Weak Reference
    __cxa_finalize                            - Undefined Weak Reference
    __sigvec_lookup                           - Undefined Weak Reference
    __user_heap_extent                        - Undefined Weak Reference
    _atexit_init                              - Undefined Weak Reference
    _call_atexit_fns                          - Undefined Weak Reference
    _clock_init                               - Undefined Weak Reference
    _fp_trap_init                             - Undefined Weak Reference
    _fp_trap_shutdown                         - Undefined Weak Reference
    _get_lc_collate                           - Undefined Weak Reference
    _get_lc_monetary                          - Undefined Weak Reference
    _get_lc_time                              - Undefined Weak Reference
    _getenv_init                              - Undefined Weak Reference
    _handle_redirection                       - Undefined Weak Reference
    _initio                                   - Undefined Weak Reference
    _mutex_acquire                            - Undefined Weak Reference
    _mutex_free                               - Undefined Weak Reference
    _mutex_release                            - Undefined Weak Reference
    _printf_mbtowc                            - Undefined Weak Reference
    _printf_wc                                - Undefined Weak Reference
    _rand_init                                - Undefined Weak Reference
    _signal_finish                            - Undefined Weak Reference
    _signal_init                              - Undefined Weak Reference
    _terminateio                              - Undefined Weak Reference
    __Vectors_Size                           0x000001ac   Number         0  startup_stm32f429xx.o ABSOLUTE
    __Vectors                                0x08000000   Data           4  startup_stm32f429xx.o(RESET)
    __Vectors_End                            0x080001ac   Data           0  startup_stm32f429xx.o(RESET)
    __main                                   0x080001ad   Thumb Code     8  __main.o(!!!main)
    __scatterload                            0x080001b5   Thumb Code     0  __scatter.o(!!!scatter)
    __scatterload_rt2                        0x080001b5   Thumb Code    44  __scatter.o(!!!scatter)
    __scatterload_rt2_thumb_only             0x080001b5   Thumb Code     0  __scatter.o(!!!scatter)
    __scatterload_null                       0x080001c3   Thumb Code     0  __scatter.o(!!!scatter)
    __scatterload_copy                       0x080001e9   Thumb Code    26  __scatter_copy.o(!!handler_copy)
    __scatterload_zeroinit                   0x08000205   Thumb Code    28  __scatter_zi.o(!!handler_zi)
    _printf_n                                0x08000221   Thumb Code     0  _printf_n.o(.ARM.Collect$$_printf_percent$$00000001)
    _printf_percent                          0x08000221   Thumb Code     0  _printf_percent.o(.ARM.Collect$$_printf_percent$$00000000)
    _printf_p                                0x08000227   Thumb Code     0  _printf_p.o(.ARM.Collect$$_printf_percent$$00000002)
    _printf_f                                0x0800022d   Thumb Code     0  _printf_f.o(.ARM.Collect$$_printf_percent$$00000003)
    _printf_e                                0x08000233   Thumb Code     0  _printf_e.o(.ARM.Collect$$_printf_percent$$00000004)
    _printf_g                                0x08000239   Thumb Code     0  _printf_g.o(.ARM.Collect$$_printf_percent$$00000005)
    _printf_a                                0x0800023f   Thumb Code     0  _printf_a.o(.ARM.Collect$$_printf_percent$$00000006)
    _printf_ll                               0x08000245   Thumb Code     0  _printf_ll.o(.ARM.Collect$$_printf_percent$$00000007)
    _printf_i                                0x0800024f   Thumb Code     0  _printf_i.o(.ARM.Collect$$_printf_percent$$00000008)
    _printf_d                                0x08000255   Thumb Code     0  _printf_d.o(.ARM.Collect$$_printf_percent$$00000009)
    _printf_u                                0x0800025b   Thumb Code     0  _printf_u.o(.ARM.Collect$$_printf_percent$$0000000A)
    _printf_o                                0x08000261   Thumb Code     0  _printf_o.o(.ARM.Collect$$_printf_percent$$0000000B)
    _printf_x                                0x08000267   Thumb Code     0  _printf_x.o(.ARM.Collect$$_printf_percent$$0000000C)
    _printf_lli                              0x0800026d   Thumb Code     0  _printf_lli.o(.ARM.Collect$$_printf_percent$$0000000D)
    _printf_lld                              0x08000273   Thumb Code     0  _printf_lld.o(.ARM.Collect$$_printf_percent$$0000000E)
    _printf_llu                              0x08000279   Thumb Code     0  _printf_llu.o(.ARM.Collect$$_printf_percent$$0000000F)
    _printf_llo                              0x0800027f   Thumb Code     0  _printf_llo.o(.ARM.Collect$$_printf_percent$$00000010)
    _printf_llx                              0x08000285   Thumb Code     0  _printf_llx.o(.ARM.Collect$$_printf_percent$$00000011)
    _printf_l                                0x0800028b   Thumb Code     0  _printf_l.o(.ARM.Collect$$_printf_percent$$00000012)
    _printf_c                                0x08000295   Thumb Code     0  _printf_c.o(.ARM.Collect$$_printf_percent$$00000013)
    _printf_s                                0x0800029b   Thumb Code     0  _printf_s.o(.ARM.Collect$$_printf_percent$$00000014)
    _printf_lc                               0x080002a1   Thumb Code     0  _printf_lc.o(.ARM.Collect$$_printf_percent$$00000015)
    _printf_ls                               0x080002a7   Thumb Code     0  _printf_ls.o(.ARM.Collect$$_printf_percent$$00000016)
    _printf_percent_end                      0x080002ad   Thumb Code     0  _printf_percent_end.o(.ARM.Collect$$_printf_percent$$00000017)
    __rt_lib_init                            0x080002b1   Thumb Code     0  libinit.o(.ARM.Collect$$libinit$$00000000)
    __rt_lib_init_fp_1                       0x080002b3   Thumb Code     0  libinit2.o(.ARM.Collect$$libinit$$00000001)
    __rt_lib_init_heap_2                     0x080002b7   Thumb Code     0  libinit2.o(.ARM.Collect$$libinit$$00000005)
    __rt_lib_init_preinit_1                  0x080002b7   Thumb Code     0  libinit2.o(.ARM.Collect$$libinit$$00000004)
    __rt_lib_init_heap_1                     0x080002bf   Thumb Code     0  libinit2.o(.ARM.Collect$$libinit$$0000000A)
    __rt_lib_init_lc_common                  0x080002bf   Thumb Code     0  libinit2.o(.ARM.Collect$$libinit$$0000000F)
    __rt_lib_init_rand_1                     0x080002bf   Thumb Code     0  libinit2.o(.ARM.Collect$$libinit$$0000000E)
    __rt_lib_init_user_alloc_1               0x080002bf   Thumb Code     0  libinit2.o(.ARM.Collect$$libinit$$0000000C)
    __rt_lib_init_lc_collate_1               0x080002c5   Thumb Code     0  libinit2.o(.ARM.Collect$$libinit$$00000011)
    __rt_lib_init_lc_ctype_2                 0x080002c5   Thumb Code     0  libinit2.o(.ARM.Collect$$libinit$$00000012)
    __rt_lib_init_lc_ctype_1                 0x080002d1   Thumb Code     0  libinit2.o(.ARM.Collect$$libinit$$00000013)
    __rt_lib_init_lc_monetary_1              0x080002d1   Thumb Code     0  libinit2.o(.ARM.Collect$$libinit$$00000015)
    __rt_lib_init_lc_numeric_2               0x080002d1   Thumb Code     0  libinit2.o(.ARM.Collect$$libinit$$00000016)
    __rt_lib_init_alloca_1                   0x080002db   Thumb Code     0  libinit2.o(.ARM.Collect$$libinit$$0000002E)
    __rt_lib_init_argv_1                     0x080002db   Thumb Code     0  libinit2.o(.ARM.Collect$$libinit$$0000002C)
    __rt_lib_init_atexit_1                   0x080002db   Thumb Code     0  libinit2.o(.ARM.Collect$$libinit$$0000001B)
    __rt_lib_init_clock_1                    0x080002db   Thumb Code     0  libinit2.o(.ARM.Collect$$libinit$$00000021)
    __rt_lib_init_cpp_1                      0x080002db   Thumb Code     0  libinit2.o(.ARM.Collect$$libinit$$00000032)
    __rt_lib_init_exceptions_1               0x080002db   Thumb Code     0  libinit2.o(.ARM.Collect$$libinit$$00000030)
    __rt_lib_init_fp_trap_1                  0x080002db   Thumb Code     0  libinit2.o(.ARM.Collect$$libinit$$0000001F)
    __rt_lib_init_getenv_1                   0x080002db   Thumb Code     0  libinit2.o(.ARM.Collect$$libinit$$00000023)
    __rt_lib_init_lc_numeric_1               0x080002db   Thumb Code     0  libinit2.o(.ARM.Collect$$libinit$$00000017)
    __rt_lib_init_lc_time_1                  0x080002db   Thumb Code     0  libinit2.o(.ARM.Collect$$libinit$$00000019)
    __rt_lib_init_return                     0x080002db   Thumb Code     0  libinit2.o(.ARM.Collect$$libinit$$00000033)
    __rt_lib_init_signal_1                   0x080002db   Thumb Code     0  libinit2.o(.ARM.Collect$$libinit$$0000001D)
    __rt_lib_init_stdio_1                    0x080002db   Thumb Code     0  libinit2.o(.ARM.Collect$$libinit$$00000025)
    __rt_lib_shutdown                        0x080002dd   Thumb Code     0  libshutdown.o(.ARM.Collect$$libshutdown$$00000000)
    __rt_lib_shutdown_cpp_1                  0x080002df   Thumb Code     0  libshutdown2.o(.ARM.Collect$$libshutdown$$00000004)
    __rt_lib_shutdown_fini_1                 0x080002df   Thumb Code     0  libshutdown2.o(.ARM.Collect$$libshutdown$$00000002)
    __rt_lib_shutdown_fp_trap_1              0x080002df   Thumb Code     0  libshutdown2.o(.ARM.Collect$$libshutdown$$00000009)
    __rt_lib_shutdown_heap_1                 0x080002df   Thumb Code     0  libshutdown2.o(.ARM.Collect$$libshutdown$$00000011)
    __rt_lib_shutdown_return                 0x080002df   Thumb Code     0  libshutdown2.o(.ARM.Collect$$libshutdown$$00000012)
    __rt_lib_shutdown_signal_1               0x080002df   Thumb Code     0  libshutdown2.o(.ARM.Collect$$libshutdown$$0000000C)
    __rt_lib_shutdown_stdio_1                0x080002df   Thumb Code     0  libshutdown2.o(.ARM.Collect$$libshutdown$$00000006)
    __rt_lib_shutdown_user_alloc_1           0x080002df   Thumb Code     0  libshutdown2.o(.ARM.Collect$$libshutdown$$0000000E)
    __rt_entry                               0x080002e1   Thumb Code     0  __rtentry.o(.ARM.Collect$$rtentry$$00000000)
    __rt_entry_presh_1                       0x080002e1   Thumb Code     0  __rtentry2.o(.ARM.Collect$$rtentry$$00000002)
    __rt_entry_sh                            0x080002e1   Thumb Code     0  __rtentry4.o(.ARM.Collect$$rtentry$$00000004)
    __rt_entry_li                            0x080002e7   Thumb Code     0  __rtentry2.o(.ARM.Collect$$rtentry$$0000000A)
    __rt_entry_postsh_1                      0x080002e7   Thumb Code     0  __rtentry2.o(.ARM.Collect$$rtentry$$00000009)
    __rt_entry_main                          0x080002eb   Thumb Code     0  __rtentry2.o(.ARM.Collect$$rtentry$$0000000D)
    __rt_entry_postli_1                      0x080002eb   Thumb Code     0  __rtentry2.o(.ARM.Collect$$rtentry$$0000000C)
    __rt_exit                                0x080002f3   Thumb Code     0  rtexit.o(.ARM.Collect$$rtexit$$00000000)
    __rt_exit_ls                             0x080002f5   Thumb Code     0  rtexit2.o(.ARM.Collect$$rtexit$$00000003)
    __rt_exit_prels_1                        0x080002f5   Thumb Code     0  rtexit2.o(.ARM.Collect$$rtexit$$00000002)
    __rt_exit_exit                           0x080002f9   Thumb Code     0  rtexit2.o(.ARM.Collect$$rtexit$$00000004)
    Reset_Handler                            0x08000301   Thumb Code     8  startup_stm32f429xx.o(.text)
    _maybe_terminate_alloc                   0x08000301   Thumb Code     0  maybetermalloc1.o(.emb_text)
    ADC_IRQHandler                           0x0800031b   Thumb Code     0  startup_stm32f429xx.o(.text)
    CAN1_RX0_IRQHandler                      0x0800031b   Thumb Code     0  startup_stm32f429xx.o(.text)
    CAN1_RX1_IRQHandler                      0x0800031b   Thumb Code     0  startup_stm32f429xx.o(.text)
    CAN1_SCE_IRQHandler                      0x0800031b   Thumb Code     0  startup_stm32f429xx.o(.text)
    CAN1_TX_IRQHandler                       0x0800031b   Thumb Code     0  startup_stm32f429xx.o(.text)
    CAN2_RX0_IRQHandler                      0x0800031b   Thumb Code     0  startup_stm32f429xx.o(.text)
    CAN2_RX1_IRQHandler                      0x0800031b   Thumb Code     0  startup_stm32f429xx.o(.text)
    CAN2_SCE_IRQHandler                      0x0800031b   Thumb Code     0  startup_stm32f429xx.o(.text)
    CAN2_TX_IRQHandler                       0x0800031b   Thumb Code     0  startup_stm32f429xx.o(.text)
    DCMI_IRQHandler                          0x0800031b   Thumb Code     0  startup_stm32f429xx.o(.text)
    DMA1_Stream0_IRQHandler                  0x0800031b   Thumb Code     0  startup_stm32f429xx.o(.text)
    DMA1_Stream1_IRQHandler                  0x0800031b   Thumb Code     0  startup_stm32f429xx.o(.text)
    DMA1_Stream2_IRQHandler                  0x0800031b   Thumb Code     0  startup_stm32f429xx.o(.text)
    DMA1_Stream3_IRQHandler                  0x0800031b   Thumb Code     0  startup_stm32f429xx.o(.text)
    DMA1_Stream4_IRQHandler                  0x0800031b   Thumb Code     0  startup_stm32f429xx.o(.text)
    DMA1_Stream5_IRQHandler                  0x0800031b   Thumb Code     0  startup_stm32f429xx.o(.text)
    DMA1_Stream6_IRQHandler                  0x0800031b   Thumb Code     0  startup_stm32f429xx.o(.text)
    DMA1_Stream7_IRQHandler                  0x0800031b   Thumb Code     0  startup_stm32f429xx.o(.text)
    DMA2D_IRQHandler                         0x0800031b   Thumb Code     0  startup_stm32f429xx.o(.text)
    DMA2_Stream0_IRQHandler                  0x0800031b   Thumb Code     0  startup_stm32f429xx.o(.text)
    DMA2_Stream1_IRQHandler                  0x0800031b   Thumb Code     0  startup_stm32f429xx.o(.text)
    DMA2_Stream2_IRQHandler                  0x0800031b   Thumb Code     0  startup_stm32f429xx.o(.text)
    DMA2_Stream3_IRQHandler                  0x0800031b   Thumb Code     0  startup_stm32f429xx.o(.text)
    DMA2_Stream4_IRQHandler                  0x0800031b   Thumb Code     0  startup_stm32f429xx.o(.text)
    DMA2_Stream5_IRQHandler                  0x0800031b   Thumb Code     0  startup_stm32f429xx.o(.text)
    DMA2_Stream6_IRQHandler                  0x0800031b   Thumb Code     0  startup_stm32f429xx.o(.text)
    DMA2_Stream7_IRQHandler                  0x0800031b   Thumb Code     0  startup_stm32f429xx.o(.text)
    ETH_IRQHandler                           0x0800031b   Thumb Code     0  startup_stm32f429xx.o(.text)
    ETH_WKUP_IRQHandler                      0x0800031b   Thumb Code     0  startup_stm32f429xx.o(.text)
    EXTI0_IRQHandler                         0x0800031b   Thumb Code     0  startup_stm32f429xx.o(.text)
    EXTI15_10_IRQHandler                     0x0800031b   Thumb Code     0  startup_stm32f429xx.o(.text)
    EXTI1_IRQHandler                         0x0800031b   Thumb Code     0  startup_stm32f429xx.o(.text)
    EXTI2_IRQHandler                         0x0800031b   Thumb Code     0  startup_stm32f429xx.o(.text)
    EXTI3_IRQHandler                         0x0800031b   Thumb Code     0  startup_stm32f429xx.o(.text)
    EXTI4_IRQHandler                         0x0800031b   Thumb Code     0  startup_stm32f429xx.o(.text)
    EXTI9_5_IRQHandler                       0x0800031b   Thumb Code     0  startup_stm32f429xx.o(.text)
    FLASH_IRQHandler                         0x0800031b   Thumb Code     0  startup_stm32f429xx.o(.text)
    FMC_IRQHandler                           0x0800031b   Thumb Code     0  startup_stm32f429xx.o(.text)
    FPU_IRQHandler                           0x0800031b   Thumb Code     0  startup_stm32f429xx.o(.text)
    HASH_RNG_IRQHandler                      0x0800031b   Thumb Code     0  startup_stm32f429xx.o(.text)
    I2C1_ER_IRQHandler                       0x0800031b   Thumb Code     0  startup_stm32f429xx.o(.text)
    I2C1_EV_IRQHandler                       0x0800031b   Thumb Code     0  startup_stm32f429xx.o(.text)
    I2C2_ER_IRQHandler                       0x0800031b   Thumb Code     0  startup_stm32f429xx.o(.text)
    I2C2_EV_IRQHandler                       0x0800031b   Thumb Code     0  startup_stm32f429xx.o(.text)
    I2C3_ER_IRQHandler                       0x0800031b   Thumb Code     0  startup_stm32f429xx.o(.text)
    I2C3_EV_IRQHandler                       0x0800031b   Thumb Code     0  startup_stm32f429xx.o(.text)
    LTDC_ER_IRQHandler                       0x0800031b   Thumb Code     0  startup_stm32f429xx.o(.text)
    LTDC_IRQHandler                          0x0800031b   Thumb Code     0  startup_stm32f429xx.o(.text)
    OTG_FS_IRQHandler                        0x0800031b   Thumb Code     0  startup_stm32f429xx.o(.text)
    OTG_FS_WKUP_IRQHandler                   0x0800031b   Thumb Code     0  startup_stm32f429xx.o(.text)
    OTG_HS_EP1_IN_IRQHandler                 0x0800031b   Thumb Code     0  startup_stm32f429xx.o(.text)
    OTG_HS_EP1_OUT_IRQHandler                0x0800031b   Thumb Code     0  startup_stm32f429xx.o(.text)
    OTG_HS_IRQHandler                        0x0800031b   Thumb Code     0  startup_stm32f429xx.o(.text)
    OTG_HS_WKUP_IRQHandler                   0x0800031b   Thumb Code     0  startup_stm32f429xx.o(.text)
    PVD_IRQHandler                           0x0800031b   Thumb Code     0  startup_stm32f429xx.o(.text)
    RCC_IRQHandler                           0x0800031b   Thumb Code     0  startup_stm32f429xx.o(.text)
    RTC_Alarm_IRQHandler                     0x0800031b   Thumb Code     0  startup_stm32f429xx.o(.text)
    RTC_WKUP_IRQHandler                      0x0800031b   Thumb Code     0  startup_stm32f429xx.o(.text)
    SAI1_IRQHandler                          0x0800031b   Thumb Code     0  startup_stm32f429xx.o(.text)
    SDIO_IRQHandler                          0x0800031b   Thumb Code     0  startup_stm32f429xx.o(.text)
    SPI1_IRQHandler                          0x0800031b   Thumb Code     0  startup_stm32f429xx.o(.text)
    SPI2_IRQHandler                          0x0800031b   Thumb Code     0  startup_stm32f429xx.o(.text)
    SPI3_IRQHandler                          0x0800031b   Thumb Code     0  startup_stm32f429xx.o(.text)
    SPI4_IRQHandler                          0x0800031b   Thumb Code     0  startup_stm32f429xx.o(.text)
    SPI5_IRQHandler                          0x0800031b   Thumb Code     0  startup_stm32f429xx.o(.text)
    SPI6_IRQHandler                          0x0800031b   Thumb Code     0  startup_stm32f429xx.o(.text)
    TAMP_STAMP_IRQHandler                    0x0800031b   Thumb Code     0  startup_stm32f429xx.o(.text)
    TIM1_BRK_TIM9_IRQHandler                 0x0800031b   Thumb Code     0  startup_stm32f429xx.o(.text)
    TIM1_CC_IRQHandler                       0x0800031b   Thumb Code     0  startup_stm32f429xx.o(.text)
    TIM1_TRG_COM_TIM11_IRQHandler            0x0800031b   Thumb Code     0  startup_stm32f429xx.o(.text)
    TIM1_UP_TIM10_IRQHandler                 0x0800031b   Thumb Code     0  startup_stm32f429xx.o(.text)
    TIM2_IRQHandler                          0x0800031b   Thumb Code     0  startup_stm32f429xx.o(.text)
    TIM3_IRQHandler                          0x0800031b   Thumb Code     0  startup_stm32f429xx.o(.text)
    TIM4_IRQHandler                          0x0800031b   Thumb Code     0  startup_stm32f429xx.o(.text)
    TIM5_IRQHandler                          0x0800031b   Thumb Code     0  startup_stm32f429xx.o(.text)
    TIM6_DAC_IRQHandler                      0x0800031b   Thumb Code     0  startup_stm32f429xx.o(.text)
    TIM7_IRQHandler                          0x0800031b   Thumb Code     0  startup_stm32f429xx.o(.text)
    TIM8_BRK_TIM12_IRQHandler                0x0800031b   Thumb Code     0  startup_stm32f429xx.o(.text)
    TIM8_CC_IRQHandler                       0x0800031b   Thumb Code     0  startup_stm32f429xx.o(.text)
    TIM8_TRG_COM_TIM14_IRQHandler            0x0800031b   Thumb Code     0  startup_stm32f429xx.o(.text)
    TIM8_UP_TIM13_IRQHandler                 0x0800031b   Thumb Code     0  startup_stm32f429xx.o(.text)
    UART4_IRQHandler                         0x0800031b   Thumb Code     0  startup_stm32f429xx.o(.text)
    UART5_IRQHandler                         0x0800031b   Thumb Code     0  startup_stm32f429xx.o(.text)
    UART7_IRQHandler                         0x0800031b   Thumb Code     0  startup_stm32f429xx.o(.text)
    UART8_IRQHandler                         0x0800031b   Thumb Code     0  startup_stm32f429xx.o(.text)
    USART1_IRQHandler                        0x0800031b   Thumb Code     0  startup_stm32f429xx.o(.text)
    USART2_IRQHandler                        0x0800031b   Thumb Code     0  startup_stm32f429xx.o(.text)
    USART3_IRQHandler                        0x0800031b   Thumb Code     0  startup_stm32f429xx.o(.text)
    USART6_IRQHandler                        0x0800031b   Thumb Code     0  startup_stm32f429xx.o(.text)
    WWDG_IRQHandler                          0x0800031b   Thumb Code     0  startup_stm32f429xx.o(.text)
    __user_initial_stackheap                 0x0800031d   Thumb Code     0  startup_stm32f429xx.o(.text)
    malloc                                   0x08000341   Thumb Code    94  h1_alloc.o(.text)
    free                                     0x0800039f   Thumb Code    78  h1_free.o(.text)
    __aeabi_uldivmod                         0x080003ed   Thumb Code     0  lludivv7m.o(.text)
    _ll_udiv                                 0x080003ed   Thumb Code   238  lludivv7m.o(.text)
    vsprintf                                 0x080004dd   Thumb Code    32  vsprintf.o(.text)
    strlen                                   0x08000501   Thumb Code    62  strlen.o(.text)
    __aeabi_memcpy4                          0x0800053f   Thumb Code     0  rt_memcpy_w.o(.text)
    __aeabi_memcpy8                          0x0800053f   Thumb Code     0  rt_memcpy_w.o(.text)
    __rt_memcpy_w                            0x0800053f   Thumb Code   100  rt_memcpy_w.o(.text)
    _memcpy_lastbytes_aligned                0x08000587   Thumb Code     0  rt_memcpy_w.o(.text)
    __aeabi_memclr4                          0x080005a3   Thumb Code     0  rt_memclr_w.o(.text)
    __aeabi_memclr8                          0x080005a3   Thumb Code     0  rt_memclr_w.o(.text)
    __rt_memclr_w                            0x080005a3   Thumb Code    78  rt_memclr_w.o(.text)
    _memset_w                                0x080005a7   Thumb Code     0  rt_memclr_w.o(.text)
    __use_two_region_memory                  0x080005f1   Thumb Code     2  heapauxi.o(.text)
    __rt_heap_escrow                         0x080005f3   Thumb Code     2  heapauxi.o(.text)
    __rt_heap_expand                         0x080005f5   Thumb Code     2  heapauxi.o(.text)
    __rt_heap_descriptor                     0x080005f9   Thumb Code     8  rt_heap_descriptor_intlibspace.o(.text)
    __use_no_heap                            0x08000601   Thumb Code     2  hguard.o(.text)
    __heap$guard                             0x08000603   Thumb Code     2  hguard.o(.text)
    _terminate_user_alloc                    0x08000605   Thumb Code     2  init_alloc.o(.text)
    _init_user_alloc                         0x08000607   Thumb Code     2  init_alloc.o(.text)
    __Heap_Full                              0x08000609   Thumb Code    34  init_alloc.o(.text)
    __Heap_Broken                            0x0800062b   Thumb Code     6  init_alloc.o(.text)
    _init_alloc                              0x08000631   Thumb Code    94  init_alloc.o(.text)
    __Heap_Initialize                        0x0800068f   Thumb Code    10  h1_init.o(.text)
    __Heap_DescSize                          0x08000699   Thumb Code     4  h1_init.o(.text)
    _printf_pre_padding                      0x0800069d   Thumb Code    44  _printf_pad.o(.text)
    _printf_post_padding                     0x080006c9   Thumb Code    34  _printf_pad.o(.text)
    _printf_truncate_signed                  0x080006eb   Thumb Code    18  _printf_truncate.o(.text)
    _printf_truncate_unsigned                0x080006fd   Thumb Code    18  _printf_truncate.o(.text)
    _printf_str                              0x0800070f   Thumb Code    82  _printf_str.o(.text)
    _printf_int_dec                          0x08000761   Thumb Code   104  _printf_dec.o(.text)
    _printf_charcount                        0x080007d9   Thumb Code    40  _printf_charcount.o(.text)
    _printf_char_common                      0x0800080b   Thumb Code    32  _printf_char_common.o(.text)
    _sputc                                   0x08000831   Thumb Code    10  _sputc.o(.text)
    _printf_wctomb                           0x0800083d   Thumb Code   182  _printf_wctomb.o(.text)
    _printf_longlong_dec                     0x080008f9   Thumb Code   108  _printf_longlong_dec.o(.text)
    _printf_longlong_oct                     0x08000975   Thumb Code    66  _printf_oct_int_ll.o(.text)
    _printf_int_oct                          0x080009b7   Thumb Code    24  _printf_oct_int_ll.o(.text)
    _printf_ll_oct                           0x080009cf   Thumb Code    12  _printf_oct_int_ll.o(.text)
    _printf_longlong_hex                     0x080009e5   Thumb Code    86  _printf_hex_int_ll_ptr.o(.text)
    _printf_int_hex                          0x08000a3b   Thumb Code    28  _printf_hex_int_ll_ptr.o(.text)
    _printf_ll_hex                           0x08000a57   Thumb Code    12  _printf_hex_int_ll_ptr.o(.text)
    _printf_hex_ptr                          0x08000a63   Thumb Code    18  _printf_hex_int_ll_ptr.o(.text)
    __printf                                 0x08000a79   Thumb Code   388  __printf_flags_ss_wp.o(.text)
    __user_libspace                          0x08000c01   Thumb Code     8  libspace.o(.text)
    __user_perproc_libspace                  0x08000c01   Thumb Code     0  libspace.o(.text)
    __user_perthread_libspace                0x08000c01   Thumb Code     0  libspace.o(.text)
    __Heap_ProvideMemory                     0x08000c09   Thumb Code    52  h1_extend.o(.text)
    _ll_udiv10                               0x08000c3d   Thumb Code   138  lludiv10.o(.text)
    _printf_int_common                       0x08000cc7   Thumb Code   178  _printf_intcommon.o(.text)
    __lib_sel_fp_printf                      0x08000d79   Thumb Code     2  _printf_fp_dec.o(.text)
    _printf_fp_dec_real                      0x08000f2b   Thumb Code   620  _printf_fp_dec.o(.text)
    _printf_fp_hex_real                      0x08001199   Thumb Code   756  _printf_fp_hex.o(.text)
    _printf_cs_common                        0x08001495   Thumb Code    20  _printf_char.o(.text)
    _printf_char                             0x080014a9   Thumb Code    16  _printf_char.o(.text)
    _printf_string                           0x080014b9   Thumb Code     8  _printf_char.o(.text)
    _printf_lcs_common                       0x080014c1   Thumb Code    20  _printf_wchar.o(.text)
    _printf_wchar                            0x080014d5   Thumb Code    16  _printf_wchar.o(.text)
    _printf_wstring                          0x080014e5   Thumb Code     8  _printf_wchar.o(.text)
    _wcrtomb                                 0x080014ed   Thumb Code    64  _wcrtomb.o(.text)
    __rt_SIGRTMEM                            0x0800152d   Thumb Code    14  defsig_rtmem_outer.o(.text)
    __I$use$semihosting                      0x0800153b   Thumb Code     0  use_no_semi.o(.text)
    __use_no_semihosting_swi                 0x0800153b   Thumb Code     2  use_no_semi.o(.text)
    __semihosting_library_function           0x0800153d   Thumb Code     0  indicate_semi.o(.text)
    __user_setup_stackheap                   0x0800153d   Thumb Code    74  sys_stackheap_outer.o(.text)
    __rt_ctype_table                         0x08001589   Thumb Code    16  rt_ctype_table.o(.text)
    __rt_locale                              0x08001599   Thumb Code     8  rt_locale_intlibspace.o(.text)
    _printf_fp_infnan                        0x080015a1   Thumb Code   112  _printf_fp_infnan.o(.text)
    _btod_etento                             0x08001621   Thumb Code   224  bigflt0.o(.text)
    exit                                     0x08001705   Thumb Code    18  exit.o(.text)
    __sig_exit                               0x08001717   Thumb Code    10  defsig_exit.o(.text)
    __rt_SIGRTMEM_inner                      0x08001721   Thumb Code    22  defsig_rtmem_inner.o(.text)
    _sys_exit                                0x08001771   Thumb Code     8  sys_exit.o(.text)
    __default_signal_display                 0x0800177d   Thumb Code    50  defsig_general.o(.text)
    strcmp                                   0x080017b1   Thumb Code   128  strcmpv7m.o(.text)
    _ttywrch                                 0x08001831   Thumb Code    14  sys_wrch.o(.text)
    _btod_d2e                                0x0800183f   Thumb Code    62  btod.o(CL$$btod_d2e)
    _d2e_denorm_low                          0x0800187d   Thumb Code    70  btod.o(CL$$btod_d2e_denorm_low)
    _d2e_norm_op1                            0x080018c3   Thumb Code    96  btod.o(CL$$btod_d2e_norm_op1)
    __btod_div_common                        0x08001923   Thumb Code   696  btod.o(CL$$btod_div_common)
    _e2e                                     0x08001c5b   Thumb Code   220  btod.o(CL$$btod_e2e)
    _btod_ediv                               0x08001d37   Thumb Code    42  btod.o(CL$$btod_ediv)
    _btod_emul                               0x08001d61   Thumb Code    42  btod.o(CL$$btod_emul)
    __btod_mult_common                       0x08001d8b   Thumb Code   580  btod.o(CL$$btod_mult_common)
    BL_uart_read_data                        0x08001fd1   Thumb Code   208  main.o(i.BL_uart_read_data)
    BusFault_Handler                         0x080020e9   Thumb Code     4  stm32f4xx_it.o(i.BusFault_Handler)
    DebugMon_Handler                         0x080020ed   Thumb Code     2  stm32f4xx_it.o(i.DebugMon_Handler)
    Error_Handler                            0x080020ef   Thumb Code     6  main.o(i.Error_Handler)
    FLASH_Erase_Sector                       0x080020f5   Thumb Code    92  stm32f4xx_hal_flash_ex.o(i.FLASH_Erase_Sector)
    FLASH_FlushCaches                        0x08002155   Thumb Code   114  stm32f4xx_hal_flash_ex.o(i.FLASH_FlushCaches)
    FLASH_WaitForLastOperation               0x080022d5   Thumb Code    90  stm32f4xx_hal_flash.o(i.FLASH_WaitForLastOperation)
    HAL_CRC_Accumulate                       0x08002339   Thumb Code    40  stm32f4xx_hal_crc.o(i.HAL_CRC_Accumulate)
    HAL_CRC_Init                             0x08002361   Thumb Code    32  stm32f4xx_hal_crc.o(i.HAL_CRC_Init)
    HAL_CRC_MspInit                          0x08002381   Thumb Code    44  stm32f4xx_hal_msp.o(i.HAL_CRC_MspInit)
    HAL_FLASHEx_Erase                        0x080023b5   Thumb Code   166  stm32f4xx_hal_flash_ex.o(i.HAL_FLASHEx_Erase)
    HAL_FLASH_Lock                           0x08002465   Thumb Code    16  stm32f4xx_hal_flash.o(i.HAL_FLASH_Lock)
    HAL_FLASH_Unlock                         0x08002479   Thumb Code    38  stm32f4xx_hal_flash.o(i.HAL_FLASH_Unlock)
    HAL_GPIO_Init                            0x080024ad   Thumb Code   474  stm32f4xx_hal_gpio.o(i.HAL_GPIO_Init)
    HAL_GPIO_ReadPin                         0x080026bd   Thumb Code    16  stm32f4xx_hal_gpio.o(i.HAL_GPIO_ReadPin)
    HAL_GPIO_WritePin                        0x080026cd   Thumb Code    12  stm32f4xx_hal_gpio.o(i.HAL_GPIO_WritePin)
    HAL_GetTick                              0x080026d9   Thumb Code     6  stm32f4xx_hal.o(i.HAL_GetTick)
    HAL_IncTick                              0x080026e5   Thumb Code    16  stm32f4xx_hal.o(i.HAL_IncTick)
    HAL_Init                                 0x080026fd   Thumb Code    54  stm32f4xx_hal.o(i.HAL_Init)
    HAL_InitTick                             0x08002739   Thumb Code    64  stm32f4xx_hal.o(i.HAL_InitTick)
    HAL_MspInit                              0x08002785   Thumb Code    68  stm32f4xx_hal_msp.o(i.HAL_MspInit)
    HAL_NVIC_SetPriority                     0x080027cd   Thumb Code   124  stm32f4xx_hal_cortex.o(i.HAL_NVIC_SetPriority)
    HAL_NVIC_SetPriorityGrouping             0x08002849   Thumb Code    32  stm32f4xx_hal_cortex.o(i.HAL_NVIC_SetPriorityGrouping)
    HAL_RCC_ClockConfig                      0x08002871   Thumb Code   368  stm32f4xx_hal_rcc.o(i.HAL_RCC_ClockConfig)
    HAL_RCC_GetHCLKFreq                      0x080029f5   Thumb Code     6  stm32f4xx_hal_rcc.o(i.HAL_RCC_GetHCLKFreq)
    HAL_RCC_GetPCLK1Freq                     0x08002a01   Thumb Code    22  stm32f4xx_hal_rcc.o(i.HAL_RCC_GetPCLK1Freq)
    HAL_RCC_GetPCLK2Freq                     0x08002a21   Thumb Code    22  stm32f4xx_hal_rcc.o(i.HAL_RCC_GetPCLK2Freq)
    HAL_RCC_GetSysClockFreq                  0x08002a41   Thumb Code   162  stm32f4xx_hal_rcc.o(i.HAL_RCC_GetSysClockFreq)
    HAL_RCC_OscConfig                        0x08002af1   Thumb Code  1172  stm32f4xx_hal_rcc.o(i.HAL_RCC_OscConfig)
    HAL_SYSTICK_Config                       0x08002f8d   Thumb Code    52  stm32f4xx_hal_cortex.o(i.HAL_SYSTICK_Config)
    HAL_UART_Init                            0x08002fc1   Thumb Code   114  stm32f4xx_hal_uart.o(i.HAL_UART_Init)
    HAL_UART_MspInit                         0x08003035   Thumb Code   234  stm32f4xx_hal_msp.o(i.HAL_UART_MspInit)
    HAL_UART_Receive                         0x08003135   Thumb Code   220  stm32f4xx_hal_uart.o(i.HAL_UART_Receive)
    HAL_UART_Transmit                        0x08003211   Thumb Code   210  stm32f4xx_hal_uart.o(i.HAL_UART_Transmit)
    HardFault_Handler                        0x080032e3   Thumb Code     4  stm32f4xx_it.o(i.HardFault_Handler)
    MemManage_Handler                        0x08003429   Thumb Code     4  stm32f4xx_it.o(i.MemManage_Handler)
    NMI_Handler                              0x0800342d   Thumb Code     4  stm32f4xx_it.o(i.NMI_Handler)
    PendSV_Handler                           0x08003431   Thumb Code     2  stm32f4xx_it.o(i.PendSV_Handler)
    SVC_Handler                              0x08003433   Thumb Code     2  stm32f4xx_it.o(i.SVC_Handler)
    SysTick_Handler                          0x08003435   Thumb Code     8  stm32f4xx_it.o(i.SysTick_Handler)
    SystemClock_Config                       0x0800343d   Thumb Code   148  main.o(i.SystemClock_Config)
    SystemInit                               0x080034d9   Thumb Code    14  system_stm32f4xx.o(i.SystemInit)
    UsageFault_Handler                       0x080037ab   Thumb Code     4  stm32f4xx_it.o(i.UsageFault_Handler)
    __ARM_fpclassify                         0x080037af   Thumb Code    48  fpclassify.o(i.__ARM_fpclassify)
    _is_digit                                0x08003819   Thumb Code    14  __printf_wp.o(i._is_digit)
    bootloader_boot_from_image               0x08003829   Thumb Code    46  main.o(i.bootloader_boot_from_image)
    bootloader_get_image_name                0x08003879   Thumb Code    16  main.o(i.bootloader_get_image_name)
    bootloader_get_reset_image_settings      0x0800388d   Thumb Code    60  main.o(i.bootloader_get_reset_image_settings)
    bootloader_handle_dis_rw_protect         0x080038d1   Thumb Code     2  main.o(i.bootloader_handle_dis_rw_protect)
    bootloader_handle_en_rw_protect          0x080038d3   Thumb Code     2  main.o(i.bootloader_handle_en_rw_protect)
    bootloader_handle_flash_erase_cmd        0x080038d5   Thumb Code    40  main.o(i.bootloader_handle_flash_erase_cmd)
    bootloader_handle_getcid_cmd             0x0800392d   Thumb Code    36  main.o(i.bootloader_handle_getcid_cmd)
    bootloader_handle_gethelp_cmd            0x0800397d   Thumb Code    46  main.o(i.bootloader_handle_gethelp_cmd)
    bootloader_handle_getrdp_cmd             0x080039d9   Thumb Code    36  main.o(i.bootloader_handle_getrdp_cmd)
    bootloader_handle_getver_cmd             0x08003a29   Thumb Code    32  main.o(i.bootloader_handle_getver_cmd)
    bootloader_handle_go_cmd                 0x08003a71   Thumb Code    50  main.o(i.bootloader_handle_go_cmd)
    bootloader_handle_image_update           0x08003ae5   Thumb Code   380  main.o(i.bootloader_handle_image_update)
    bootloader_handle_mem_read               0x08003d85   Thumb Code     2  main.o(i.bootloader_handle_mem_read)
    bootloader_handle_mem_write_cmd          0x08003d89   Thumb Code    46  main.o(i.bootloader_handle_mem_write_cmd)
    bootloader_handle_read_otp               0x08003de5   Thumb Code     2  main.o(i.bootloader_handle_read_otp)
    bootloader_handle_read_sector_protection_status 0x08003de7   Thumb Code     2  main.o(i.bootloader_handle_read_sector_protection_status)
    bootloader_printDebugMsg                 0x08003de9   Thumb Code   130  main.o(i.bootloader_printDebugMsg)
    bootloader_sendMessage                   0x08003e71   Thumb Code    34  main.o(i.bootloader_sendMessage)
    bootloader_send_ack                      0x08003e95   Thumb Code    30  main.o(i.bootloader_send_ack)
    bootloader_send_nack                     0x08003eb9   Thumb Code    22  main.o(i.bootloader_send_nack)
    bootloader_set_msp_and_jump_to_reset_handler 0x08003ed5   Thumb Code    52  main.o(i.bootloader_set_msp_and_jump_to_reset_handler)
    bootloader_uart_write_data               0x08003f59   Thumb Code    22  main.o(i.bootloader_uart_write_data)
    bootloader_write_image_settings          0x08003f75   Thumb Code    38  main.o(i.bootloader_write_image_settings)
    execute_flash_erase                      0x08003fb9   Thumb Code   124  main.o(i.execute_flash_erase)
    flash_execute_mem_write                  0x080040ed   Thumb Code    90  main.o(i.flash_execute_mem_write)
    get_CRC32                                0x0800414d   Thumb Code    70  main.o(i.get_CRC32)
    get_bootloader_version                   0x08004199   Thumb Code     4  main.o(i.get_bootloader_version)
    get_image_to_update                      0x0800419d   Thumb Code    78  main.o(i.get_image_to_update)
    main                                     0x0800425d   Thumb Code   366  main.o(i.main)
    verify_crc                               0x080044b9   Thumb Code    28  main.o(i.verify_crc)
    verify_image_crc                         0x080044d5   Thumb Code    26  main.o(i.verify_image_crc)
    _get_lc_numeric                          0x080044f1   Thumb Code    44  lc_numeric_c.o(locale$$code)
    _get_lc_ctype                            0x0800451d   Thumb Code    44  lc_ctype_c.o(locale$$code)
    _fp_init                                 0x08004549   Thumb Code    10  fpinit.o(x$fpl$fpinit)
    __fplib_config_fpu_vfp                   0x08004551   Thumb Code     0  fpinit.o(x$fpl$fpinit)
    __fplib_config_pureend_doubles           0x08004551   Thumb Code     0  fpinit.o(x$fpl$fpinit)
    _printf_fp_dec                           0x08004553   Thumb Code     4  printf1.o(x$fpl$printf1)
    _printf_fp_hex                           0x08004557   Thumb Code     4  printf2.o(x$fpl$printf2)
    AHBPrescTable                            0x0800455a   Data          16  system_stm32f4xx.o(.constdata)
    __I$use$fp                               0x0800455a   Number         0  usenofp.o(x$fpl$usenofp)
    APBPrescTable                            0x0800456a   Data           8  system_stm32f4xx.o(.constdata)
    Region$$Table$$Base                      0x08004670   Number         0  anon$$obj.o(Region$$Table)
    Region$$Table$$Limit                     0x08004690   Number         0  anon$$obj.o(Region$$Table)
    __ctype                                  0x080046b9   Data           0  lc_ctype_c.o(locale$$data)
    hcrc                                     0x20000000   Data           8  main.o(.data)
    uwTick                                   0x20000008   Data           4  stm32f4xx_hal.o(.data)
    uwTickPrio                               0x2000000c   Data           4  stm32f4xx_hal.o(.data)
    uwTickFreq                               0x20000010   Data           1  stm32f4xx_hal.o(.data)
    SystemCoreClock                          0x20000014   Data           4  system_stm32f4xx.o(.data)
    huart1                                   0x20000018   Data          68  main.o(.bss)
    huart2                                   0x2000005c   Data          68  main.o(.bss)
    rx_buff                                  0x200000a0   Data         200  main.o(.bss)
    pFlash                                   0x20000168   Data          32  stm32f4xx_hal_flash.o(.bss)
    __libspace_start                         0x20000188   Data          96  libspace.o(.bss)
    __temporary_stack_top$libspace           0x200001e8   Data           0  libspace.o(.bss)



==============================================================================

Memory Map of the image

  Image Entry point : 0x080001ad

  Load Region LR_IROM1 (Base: 0x08000000, Size: 0x000047d4, Max: 0x00200000, ABSOLUTE)

    Execution Region ER_IROM1 (Exec base: 0x08000000, Load base: 0x08000000, Size: 0x000047bc, Max: 0x00200000, ABSOLUTE)

    Exec Addr    Load Addr    Size         Type   Attr      Idx    E Section Name        Object

    0x08000000   0x08000000   0x000001ac   Data   RO            3    RESET               startup_stm32f429xx.o
    0x080001ac   0x080001ac   0x00000008   Code   RO         2338  * !!!main             c_w.l(__main.o)
    0x080001b4   0x080001b4   0x00000034   Code   RO         2715    !!!scatter          c_w.l(__scatter.o)
    0x080001e8   0x080001e8   0x0000001a   Code   RO         2717    !!handler_copy      c_w.l(__scatter_copy.o)
    0x08000202   0x08000202   0x00000002   PAD
    0x08000204   0x08000204   0x0000001c   Code   RO         2719    !!handler_zi        c_w.l(__scatter_zi.o)
    0x08000220   0x08000220   0x00000000   Code   RO         2453    .ARM.Collect$$_printf_percent$$00000000  c_w.l(_printf_percent.o)
    0x08000220   0x08000220   0x00000006   Code   RO         2442    .ARM.Collect$$_printf_percent$$00000001  c_w.l(_printf_n.o)
    0x08000226   0x08000226   0x00000006   Code   RO         2444    .ARM.Collect$$_printf_percent$$00000002  c_w.l(_printf_p.o)
    0x0800022c   0x0800022c   0x00000006   Code   RO         2449    .ARM.Collect$$_printf_percent$$00000003  c_w.l(_printf_f.o)
    0x08000232   0x08000232   0x00000006   Code   RO         2450    .ARM.Collect$$_printf_percent$$00000004  c_w.l(_printf_e.o)
    0x08000238   0x08000238   0x00000006   Code   RO         2451    .ARM.Collect$$_printf_percent$$00000005  c_w.l(_printf_g.o)
    0x0800023e   0x0800023e   0x00000006   Code   RO         2452    .ARM.Collect$$_printf_percent$$00000006  c_w.l(_printf_a.o)
    0x08000244   0x08000244   0x0000000a   Code   RO         2457    .ARM.Collect$$_printf_percent$$00000007  c_w.l(_printf_ll.o)
    0x0800024e   0x0800024e   0x00000006   Code   RO         2446    .ARM.Collect$$_printf_percent$$00000008  c_w.l(_printf_i.o)
    0x08000254   0x08000254   0x00000006   Code   RO         2447    .ARM.Collect$$_printf_percent$$00000009  c_w.l(_printf_d.o)
    0x0800025a   0x0800025a   0x00000006   Code   RO         2448    .ARM.Collect$$_printf_percent$$0000000A  c_w.l(_printf_u.o)
    0x08000260   0x08000260   0x00000006   Code   RO         2445    .ARM.Collect$$_printf_percent$$0000000B  c_w.l(_printf_o.o)
    0x08000266   0x08000266   0x00000006   Code   RO         2443    .ARM.Collect$$_printf_percent$$0000000C  c_w.l(_printf_x.o)
    0x0800026c   0x0800026c   0x00000006   Code   RO         2454    .ARM.Collect$$_printf_percent$$0000000D  c_w.l(_printf_lli.o)
    0x08000272   0x08000272   0x00000006   Code   RO         2455    .ARM.Collect$$_printf_percent$$0000000E  c_w.l(_printf_lld.o)
    0x08000278   0x08000278   0x00000006   Code   RO         2456    .ARM.Collect$$_printf_percent$$0000000F  c_w.l(_printf_llu.o)
    0x0800027e   0x0800027e   0x00000006   Code   RO         2461    .ARM.Collect$$_printf_percent$$00000010  c_w.l(_printf_llo.o)
    0x08000284   0x08000284   0x00000006   Code   RO         2462    .ARM.Collect$$_printf_percent$$00000011  c_w.l(_printf_llx.o)
    0x0800028a   0x0800028a   0x0000000a   Code   RO         2458    .ARM.Collect$$_printf_percent$$00000012  c_w.l(_printf_l.o)
    0x08000294   0x08000294   0x00000006   Code   RO         2440    .ARM.Collect$$_printf_percent$$00000013  c_w.l(_printf_c.o)
    0x0800029a   0x0800029a   0x00000006   Code   RO         2441    .ARM.Collect$$_printf_percent$$00000014  c_w.l(_printf_s.o)
    0x080002a0   0x080002a0   0x00000006   Code   RO         2459    .ARM.Collect$$_printf_percent$$00000015  c_w.l(_printf_lc.o)
    0x080002a6   0x080002a6   0x00000006   Code   RO         2460    .ARM.Collect$$_printf_percent$$00000016  c_w.l(_printf_ls.o)
    0x080002ac   0x080002ac   0x00000004   Code   RO         2563    .ARM.Collect$$_printf_percent$$00000017  c_w.l(_printf_percent_end.o)
    0x080002b0   0x080002b0   0x00000002   Code   RO         2642    .ARM.Collect$$libinit$$00000000  c_w.l(libinit.o)
    0x080002b2   0x080002b2   0x00000004   Code   RO         2465    .ARM.Collect$$libinit$$00000001  c_w.l(libinit2.o)
    0x080002b6   0x080002b6   0x00000000   Code   RO         2468    .ARM.Collect$$libinit$$00000004  c_w.l(libinit2.o)
    0x080002b6   0x080002b6   0x00000008   Code   RO         2469    .ARM.Collect$$libinit$$00000005  c_w.l(libinit2.o)
    0x080002be   0x080002be   0x00000000   Code   RO         2471    .ARM.Collect$$libinit$$0000000A  c_w.l(libinit2.o)
    0x080002be   0x080002be   0x00000000   Code   RO         2473    .ARM.Collect$$libinit$$0000000C  c_w.l(libinit2.o)
    0x080002be   0x080002be   0x00000000   Code   RO         2475    .ARM.Collect$$libinit$$0000000E  c_w.l(libinit2.o)
    0x080002be   0x080002be   0x00000006   Code   RO         2476    .ARM.Collect$$libinit$$0000000F  c_w.l(libinit2.o)
    0x080002c4   0x080002c4   0x00000000   Code   RO         2478    .ARM.Collect$$libinit$$00000011  c_w.l(libinit2.o)
    0x080002c4   0x080002c4   0x0000000c   Code   RO         2479    .ARM.Collect$$libinit$$00000012  c_w.l(libinit2.o)
    0x080002d0   0x080002d0   0x00000000   Code   RO         2480    .ARM.Collect$$libinit$$00000013  c_w.l(libinit2.o)
    0x080002d0   0x080002d0   0x00000000   Code   RO         2482    .ARM.Collect$$libinit$$00000015  c_w.l(libinit2.o)
    0x080002d0   0x080002d0   0x0000000a   Code   RO         2483    .ARM.Collect$$libinit$$00000016  c_w.l(libinit2.o)
    0x080002da   0x080002da   0x00000000   Code   RO         2484    .ARM.Collect$$libinit$$00000017  c_w.l(libinit2.o)
    0x080002da   0x080002da   0x00000000   Code   RO         2486    .ARM.Collect$$libinit$$00000019  c_w.l(libinit2.o)
    0x080002da   0x080002da   0x00000000   Code   RO         2488    .ARM.Collect$$libinit$$0000001B  c_w.l(libinit2.o)
    0x080002da   0x080002da   0x00000000   Code   RO         2490    .ARM.Collect$$libinit$$0000001D  c_w.l(libinit2.o)
    0x080002da   0x080002da   0x00000000   Code   RO         2492    .ARM.Collect$$libinit$$0000001F  c_w.l(libinit2.o)
    0x080002da   0x080002da   0x00000000   Code   RO         2494    .ARM.Collect$$libinit$$00000021  c_w.l(libinit2.o)
    0x080002da   0x080002da   0x00000000   Code   RO         2496    .ARM.Collect$$libinit$$00000023  c_w.l(libinit2.o)
    0x080002da   0x080002da   0x00000000   Code   RO         2498    .ARM.Collect$$libinit$$00000025  c_w.l(libinit2.o)
    0x080002da   0x080002da   0x00000000   Code   RO         2502    .ARM.Collect$$libinit$$0000002C  c_w.l(libinit2.o)
    0x080002da   0x080002da   0x00000000   Code   RO         2504    .ARM.Collect$$libinit$$0000002E  c_w.l(libinit2.o)
    0x080002da   0x080002da   0x00000000   Code   RO         2506    .ARM.Collect$$libinit$$00000030  c_w.l(libinit2.o)
    0x080002da   0x080002da   0x00000000   Code   RO         2508    .ARM.Collect$$libinit$$00000032  c_w.l(libinit2.o)
    0x080002da   0x080002da   0x00000002   Code   RO         2509    .ARM.Collect$$libinit$$00000033  c_w.l(libinit2.o)
    0x080002dc   0x080002dc   0x00000002   Code   RO         2712    .ARM.Collect$$libshutdown$$00000000  c_w.l(libshutdown.o)
    0x080002de   0x080002de   0x00000000   Code   RO         2668    .ARM.Collect$$libshutdown$$00000002  c_w.l(libshutdown2.o)
    0x080002de   0x080002de   0x00000000   Code   RO         2670    .ARM.Collect$$libshutdown$$00000004  c_w.l(libshutdown2.o)
    0x080002de   0x080002de   0x00000000   Code   RO         2672    .ARM.Collect$$libshutdown$$00000006  c_w.l(libshutdown2.o)
    0x080002de   0x080002de   0x00000000   Code   RO         2675    .ARM.Collect$$libshutdown$$00000009  c_w.l(libshutdown2.o)
    0x080002de   0x080002de   0x00000000   Code   RO         2678    .ARM.Collect$$libshutdown$$0000000C  c_w.l(libshutdown2.o)
    0x080002de   0x080002de   0x00000000   Code   RO         2680    .ARM.Collect$$libshutdown$$0000000E  c_w.l(libshutdown2.o)
    0x080002de   0x080002de   0x00000000   Code   RO         2683    .ARM.Collect$$libshutdown$$00000011  c_w.l(libshutdown2.o)
    0x080002de   0x080002de   0x00000002   Code   RO         2684    .ARM.Collect$$libshutdown$$00000012  c_w.l(libshutdown2.o)
    0x080002e0   0x080002e0   0x00000000   Code   RO         2342    .ARM.Collect$$rtentry$$00000000  c_w.l(__rtentry.o)
    0x080002e0   0x080002e0   0x00000000   Code   RO         2524    .ARM.Collect$$rtentry$$00000002  c_w.l(__rtentry2.o)
    0x080002e0   0x080002e0   0x00000006   Code   RO         2536    .ARM.Collect$$rtentry$$00000004  c_w.l(__rtentry4.o)
    0x080002e6   0x080002e6   0x00000000   Code   RO         2526    .ARM.Collect$$rtentry$$00000009  c_w.l(__rtentry2.o)
    0x080002e6   0x080002e6   0x00000004   Code   RO         2527    .ARM.Collect$$rtentry$$0000000A  c_w.l(__rtentry2.o)
    0x080002ea   0x080002ea   0x00000000   Code   RO         2529    .ARM.Collect$$rtentry$$0000000C  c_w.l(__rtentry2.o)
    0x080002ea   0x080002ea   0x00000008   Code   RO         2530    .ARM.Collect$$rtentry$$0000000D  c_w.l(__rtentry2.o)
    0x080002f2   0x080002f2   0x00000002   Code   RO         2650    .ARM.Collect$$rtexit$$00000000  c_w.l(rtexit.o)
    0x080002f4   0x080002f4   0x00000000   Code   RO         2688    .ARM.Collect$$rtexit$$00000002  c_w.l(rtexit2.o)
    0x080002f4   0x080002f4   0x00000004   Code   RO         2689    .ARM.Collect$$rtexit$$00000003  c_w.l(rtexit2.o)
    0x080002f8   0x080002f8   0x00000006   Code   RO         2690    .ARM.Collect$$rtexit$$00000004  c_w.l(rtexit2.o)
    0x080002fe   0x080002fe   0x00000002   PAD
    0x08000300   0x08000300   0x00000000   Code   RO         2542    .emb_text           c_w.l(maybetermalloc1.o)
    0x08000300   0x08000300   0x00000040   Code   RO            4    .text               startup_stm32f429xx.o
    0x08000340   0x08000340   0x0000005e   Code   RO         2268    .text               c_w.l(h1_alloc.o)
    0x0800039e   0x0800039e   0x0000004e   Code   RO         2270    .text               c_w.l(h1_free.o)
    0x080003ec   0x080003ec   0x000000ee   Code   RO         2326    .text               c_w.l(lludivv7m.o)
    0x080004da   0x080004da   0x00000002   PAD
    0x080004dc   0x080004dc   0x00000024   Code   RO         2328    .text               c_w.l(vsprintf.o)
    0x08000500   0x08000500   0x0000003e   Code   RO         2330    .text               c_w.l(strlen.o)
    0x0800053e   0x0800053e   0x00000064   Code   RO         2332    .text               c_w.l(rt_memcpy_w.o)
    0x080005a2   0x080005a2   0x0000004e   Code   RO         2334    .text               c_w.l(rt_memclr_w.o)
    0x080005f0   0x080005f0   0x00000006   Code   RO         2336    .text               c_w.l(heapauxi.o)
    0x080005f6   0x080005f6   0x00000002   PAD
    0x080005f8   0x080005f8   0x00000008   Code   RO         2350    .text               c_w.l(rt_heap_descriptor_intlibspace.o)
    0x08000600   0x08000600   0x00000004   Code   RO         2352    .text               c_w.l(hguard.o)
    0x08000604   0x08000604   0x0000008a   Code   RO         2354    .text               c_w.l(init_alloc.o)
    0x0800068e   0x0800068e   0x0000000e   Code   RO         2358    .text               c_w.l(h1_init.o)
    0x0800069c   0x0800069c   0x0000004e   Code   RO         2374    .text               c_w.l(_printf_pad.o)
    0x080006ea   0x080006ea   0x00000024   Code   RO         2376    .text               c_w.l(_printf_truncate.o)
    0x0800070e   0x0800070e   0x00000052   Code   RO         2378    .text               c_w.l(_printf_str.o)
    0x08000760   0x08000760   0x00000078   Code   RO         2380    .text               c_w.l(_printf_dec.o)
    0x080007d8   0x080007d8   0x00000028   Code   RO         2382    .text               c_w.l(_printf_charcount.o)
    0x08000800   0x08000800   0x00000030   Code   RO         2384    .text               c_w.l(_printf_char_common.o)
    0x08000830   0x08000830   0x0000000a   Code   RO         2386    .text               c_w.l(_sputc.o)
    0x0800083a   0x0800083a   0x00000002   PAD
    0x0800083c   0x0800083c   0x000000bc   Code   RO         2388    .text               c_w.l(_printf_wctomb.o)
    0x080008f8   0x080008f8   0x0000007c   Code   RO         2391    .text               c_w.l(_printf_longlong_dec.o)
    0x08000974   0x08000974   0x00000070   Code   RO         2397    .text               c_w.l(_printf_oct_int_ll.o)
    0x080009e4   0x080009e4   0x00000094   Code   RO         2417    .text               c_w.l(_printf_hex_int_ll_ptr.o)
    0x08000a78   0x08000a78   0x00000188   Code   RO         2437    .text               c_w.l(__printf_flags_ss_wp.o)
    0x08000c00   0x08000c00   0x00000008   Code   RO         2520    .text               c_w.l(libspace.o)
    0x08000c08   0x08000c08   0x00000034   Code   RO         2544    .text               c_w.l(h1_extend.o)
    0x08000c3c   0x08000c3c   0x0000008a   Code   RO         2548    .text               c_w.l(lludiv10.o)
    0x08000cc6   0x08000cc6   0x000000b2   Code   RO         2550    .text               c_w.l(_printf_intcommon.o)
    0x08000d78   0x08000d78   0x0000041e   Code   RO         2552    .text               c_w.l(_printf_fp_dec.o)
    0x08001196   0x08001196   0x00000002   PAD
    0x08001198   0x08001198   0x000002fc   Code   RO         2554    .text               c_w.l(_printf_fp_hex.o)
    0x08001494   0x08001494   0x0000002c   Code   RO         2559    .text               c_w.l(_printf_char.o)
    0x080014c0   0x080014c0   0x0000002c   Code   RO         2561    .text               c_w.l(_printf_wchar.o)
    0x080014ec   0x080014ec   0x00000040   Code   RO         2564    .text               c_w.l(_wcrtomb.o)
    0x0800152c   0x0800152c   0x0000000e   Code   RO         2566    .text               c_w.l(defsig_rtmem_outer.o)
    0x0800153a   0x0800153a   0x00000002   Code   RO         2577    .text               c_w.l(use_no_semi.o)
    0x0800153c   0x0800153c   0x00000000   Code   RO         2579    .text               c_w.l(indicate_semi.o)
    0x0800153c   0x0800153c   0x0000004a   Code   RO         2580    .text               c_w.l(sys_stackheap_outer.o)
    0x08001586   0x08001586   0x00000002   PAD
    0x08001588   0x08001588   0x00000010   Code   RO         2582    .text               c_w.l(rt_ctype_table.o)
    0x08001598   0x08001598   0x00000008   Code   RO         2589    .text               c_w.l(rt_locale_intlibspace.o)
    0x080015a0   0x080015a0   0x00000080   Code   RO         2593    .text               c_w.l(_printf_fp_infnan.o)
    0x08001620   0x08001620   0x000000e4   Code   RO         2595    .text               c_w.l(bigflt0.o)
    0x08001704   0x08001704   0x00000012   Code   RO         2623    .text               c_w.l(exit.o)
    0x08001716   0x08001716   0x0000000a   Code   RO         2625    .text               c_w.l(defsig_exit.o)
    0x08001720   0x08001720   0x00000050   Code   RO         2631    .text               c_w.l(defsig_rtmem_inner.o)
    0x08001770   0x08001770   0x0000000c   Code   RO         2648    .text               c_w.l(sys_exit.o)
    0x0800177c   0x0800177c   0x00000032   Code   RO         2661    .text               c_w.l(defsig_general.o)
    0x080017ae   0x080017ae   0x00000002   PAD
    0x080017b0   0x080017b0   0x00000080   Code   RO         2665    .text               c_w.l(strcmpv7m.o)
    0x08001830   0x08001830   0x0000000e   Code   RO         2685    .text               c_w.l(sys_wrch.o)
    0x0800183e   0x0800183e   0x0000003e   Code   RO         2598    CL$$btod_d2e        c_w.l(btod.o)
    0x0800187c   0x0800187c   0x00000046   Code   RO         2600    CL$$btod_d2e_denorm_low  c_w.l(btod.o)
    0x080018c2   0x080018c2   0x00000060   Code   RO         2599    CL$$btod_d2e_norm_op1  c_w.l(btod.o)
    0x08001922   0x08001922   0x00000338   Code   RO         2608    CL$$btod_div_common  c_w.l(btod.o)
    0x08001c5a   0x08001c5a   0x000000dc   Code   RO         2605    CL$$btod_e2e        c_w.l(btod.o)
    0x08001d36   0x08001d36   0x0000002a   Code   RO         2602    CL$$btod_ediv       c_w.l(btod.o)
    0x08001d60   0x08001d60   0x0000002a   Code   RO         2601    CL$$btod_emul       c_w.l(btod.o)
    0x08001d8a   0x08001d8a   0x00000244   Code   RO         2607    CL$$btod_mult_common  c_w.l(btod.o)
    0x08001fce   0x08001fce   0x00000002   PAD
    0x08001fd0   0x08001fd0   0x00000118   Code   RO           13    i.BL_uart_read_data  main.o
    0x080020e8   0x080020e8   0x00000004   Code   RO          367    i.BusFault_Handler  stm32f4xx_it.o
    0x080020ec   0x080020ec   0x00000002   Code   RO          368    i.DebugMon_Handler  stm32f4xx_it.o
    0x080020ee   0x080020ee   0x00000006   Code   RO           14    i.Error_Handler     main.o
    0x080020f4   0x080020f4   0x00000060   Code   RO          842    i.FLASH_Erase_Sector  stm32f4xx_hal_flash_ex.o
    0x08002154   0x08002154   0x00000078   Code   RO          843    i.FLASH_FlushCaches  stm32f4xx_hal_flash_ex.o
    0x080021cc   0x080021cc   0x00000054   Code   RO          844    i.FLASH_MassErase   stm32f4xx_hal_flash_ex.o
    0x08002220   0x08002220   0x000000b4   Code   RO          728    i.FLASH_SetErrorCode  stm32f4xx_hal_flash.o
    0x080022d4   0x080022d4   0x00000064   Code   RO          729    i.FLASH_WaitForLastOperation  stm32f4xx_hal_flash.o
    0x08002338   0x08002338   0x00000028   Code   RO          496    i.HAL_CRC_Accumulate  stm32f4xx_hal_crc.o
    0x08002360   0x08002360   0x00000020   Code   RO          500    i.HAL_CRC_Init      stm32f4xx_hal_crc.o
    0x08002380   0x08002380   0x00000034   Code   RO          449    i.HAL_CRC_MspInit   stm32f4xx_hal_msp.o
    0x080023b4   0x080023b4   0x000000b0   Code   RO          859    i.HAL_FLASHEx_Erase  stm32f4xx_hal_flash_ex.o
    0x08002464   0x08002464   0x00000014   Code   RO          733    i.HAL_FLASH_Lock    stm32f4xx_hal_flash.o
    0x08002478   0x08002478   0x00000034   Code   RO          740    i.HAL_FLASH_Unlock  stm32f4xx_hal_flash.o
    0x080024ac   0x080024ac   0x00000210   Code   RO         1013    i.HAL_GPIO_Init     stm32f4xx_hal_gpio.o
    0x080026bc   0x080026bc   0x00000010   Code   RO         1015    i.HAL_GPIO_ReadPin  stm32f4xx_hal_gpio.o
    0x080026cc   0x080026cc   0x0000000c   Code   RO         1017    i.HAL_GPIO_WritePin  stm32f4xx_hal_gpio.o
    0x080026d8   0x080026d8   0x0000000c   Code   RO         1570    i.HAL_GetTick       stm32f4xx_hal.o
    0x080026e4   0x080026e4   0x00000018   Code   RO         1576    i.HAL_IncTick       stm32f4xx_hal.o
    0x080026fc   0x080026fc   0x0000003c   Code   RO         1577    i.HAL_Init          stm32f4xx_hal.o
    0x08002738   0x08002738   0x0000004c   Code   RO         1578    i.HAL_InitTick      stm32f4xx_hal.o
    0x08002784   0x08002784   0x00000048   Code   RO          450    i.HAL_MspInit       stm32f4xx_hal_msp.o
    0x080027cc   0x080027cc   0x0000007c   Code   RO         1426    i.HAL_NVIC_SetPriority  stm32f4xx_hal_cortex.o
    0x08002848   0x08002848   0x00000028   Code   RO         1427    i.HAL_NVIC_SetPriorityGrouping  stm32f4xx_hal_cortex.o
    0x08002870   0x08002870   0x00000184   Code   RO          557    i.HAL_RCC_ClockConfig  stm32f4xx_hal_rcc.o
    0x080029f4   0x080029f4   0x0000000c   Code   RO          562    i.HAL_RCC_GetHCLKFreq  stm32f4xx_hal_rcc.o
    0x08002a00   0x08002a00   0x00000020   Code   RO          564    i.HAL_RCC_GetPCLK1Freq  stm32f4xx_hal_rcc.o
    0x08002a20   0x08002a20   0x00000020   Code   RO          565    i.HAL_RCC_GetPCLK2Freq  stm32f4xx_hal_rcc.o
    0x08002a40   0x08002a40   0x000000b0   Code   RO          566    i.HAL_RCC_GetSysClockFreq  stm32f4xx_hal_rcc.o
    0x08002af0   0x08002af0   0x0000049c   Code   RO          569    i.HAL_RCC_OscConfig  stm32f4xx_hal_rcc.o
    0x08002f8c   0x08002f8c   0x00000034   Code   RO         1431    i.HAL_SYSTICK_Config  stm32f4xx_hal_cortex.o
    0x08002fc0   0x08002fc0   0x00000072   Code   RO         1890    i.HAL_UART_Init     stm32f4xx_hal_uart.o
    0x08003032   0x08003032   0x00000002   PAD
    0x08003034   0x08003034   0x00000100   Code   RO          452    i.HAL_UART_MspInit  stm32f4xx_hal_msp.o
    0x08003134   0x08003134   0x000000dc   Code   RO         1893    i.HAL_UART_Receive  stm32f4xx_hal_uart.o
    0x08003210   0x08003210   0x000000d2   Code   RO         1898    i.HAL_UART_Transmit  stm32f4xx_hal_uart.o
    0x080032e2   0x080032e2   0x00000004   Code   RO          369    i.HardFault_Handler  stm32f4xx_it.o
    0x080032e6   0x080032e6   0x00000002   PAD
    0x080032e8   0x080032e8   0x00000020   Code   RO           15    i.MX_CRC_Init       main.o
    0x08003308   0x08003308   0x000000b0   Code   RO           16    i.MX_GPIO_Init      main.o
    0x080033b8   0x080033b8   0x00000038   Code   RO           17    i.MX_USART1_UART_Init  main.o
    0x080033f0   0x080033f0   0x00000038   Code   RO           18    i.MX_USART2_UART_Init  main.o
    0x08003428   0x08003428   0x00000004   Code   RO          370    i.MemManage_Handler  stm32f4xx_it.o
    0x0800342c   0x0800342c   0x00000004   Code   RO          371    i.NMI_Handler       stm32f4xx_it.o
    0x08003430   0x08003430   0x00000002   Code   RO          372    i.PendSV_Handler    stm32f4xx_it.o
    0x08003432   0x08003432   0x00000002   Code   RO          373    i.SVC_Handler       stm32f4xx_it.o
    0x08003434   0x08003434   0x00000008   Code   RO          374    i.SysTick_Handler   stm32f4xx_it.o
    0x0800343c   0x0800343c   0x0000009c   Code   RO           19    i.SystemClock_Config  main.o
    0x080034d8   0x080034d8   0x00000014   Code   RO         2229    i.SystemInit        system_stm32f4xx.o
    0x080034ec   0x080034ec   0x0000022c   Code   RO         1917    i.UART_SetConfig    stm32f4xx_hal_uart.o
    0x08003718   0x08003718   0x00000092   Code   RO         1921    i.UART_WaitOnFlagUntilTimeout  stm32f4xx_hal_uart.o
    0x080037aa   0x080037aa   0x00000004   Code   RO          375    i.UsageFault_Handler  stm32f4xx_it.o
    0x080037ae   0x080037ae   0x00000030   Code   RO         2646    i.__ARM_fpclassify  m_wm.l(fpclassify.o)
    0x080037de   0x080037de   0x00000002   PAD
    0x080037e0   0x080037e0   0x00000010   Code   RO         1433    i.__NVIC_GetPriorityGrouping  stm32f4xx_hal_cortex.o
    0x080037f0   0x080037f0   0x00000028   Code   RO         1434    i.__NVIC_SetPriority  stm32f4xx_hal_cortex.o
    0x08003818   0x08003818   0x0000000e   Code   RO         2430    i._is_digit         c_w.l(__printf_wp.o)
    0x08003826   0x08003826   0x00000002   PAD
    0x08003828   0x08003828   0x00000050   Code   RO           20    i.bootloader_boot_from_image  main.o
    0x08003878   0x08003878   0x00000014   Code   RO           21    i.bootloader_get_image_name  main.o
    0x0800388c   0x0800388c   0x00000044   Code   RO           22    i.bootloader_get_reset_image_settings  main.o
    0x080038d0   0x080038d0   0x00000002   Code   RO           23    i.bootloader_handle_dis_rw_protect  main.o
    0x080038d2   0x080038d2   0x00000002   Code   RO           24    i.bootloader_handle_en_rw_protect  main.o
    0x080038d4   0x080038d4   0x00000058   Code   RO           25    i.bootloader_handle_flash_erase_cmd  main.o
    0x0800392c   0x0800392c   0x00000050   Code   RO           26    i.bootloader_handle_getcid_cmd  main.o
    0x0800397c   0x0800397c   0x0000005c   Code   RO           27    i.bootloader_handle_gethelp_cmd  main.o
    0x080039d8   0x080039d8   0x00000050   Code   RO           28    i.bootloader_handle_getrdp_cmd  main.o
    0x08003a28   0x08003a28   0x00000048   Code   RO           29    i.bootloader_handle_getver_cmd  main.o
    0x08003a70   0x08003a70   0x00000074   Code   RO           30    i.bootloader_handle_go_cmd  main.o
    0x08003ae4   0x08003ae4   0x000002a0   Code   RO           31    i.bootloader_handle_image_update  main.o
    0x08003d84   0x08003d84   0x00000002   Code   RO           32    i.bootloader_handle_mem_read  main.o
    0x08003d86   0x08003d86   0x00000002   PAD
    0x08003d88   0x08003d88   0x0000005c   Code   RO           33    i.bootloader_handle_mem_write_cmd  main.o
    0x08003de4   0x08003de4   0x00000002   Code   RO           34    i.bootloader_handle_read_otp  main.o
    0x08003de6   0x08003de6   0x00000002   Code   RO           35    i.bootloader_handle_read_sector_protection_status  main.o
    0x08003de8   0x08003de8   0x00000088   Code   RO           36    i.bootloader_printDebugMsg  main.o
    0x08003e70   0x08003e70   0x00000022   Code   RO           37    i.bootloader_sendMessage  main.o
    0x08003e92   0x08003e92   0x00000002   PAD
    0x08003e94   0x08003e94   0x00000024   Code   RO           38    i.bootloader_send_ack  main.o
    0x08003eb8   0x08003eb8   0x0000001c   Code   RO           39    i.bootloader_send_nack  main.o
    0x08003ed4   0x08003ed4   0x00000084   Code   RO           40    i.bootloader_set_msp_and_jump_to_reset_handler  main.o
    0x08003f58   0x08003f58   0x0000001c   Code   RO           41    i.bootloader_uart_write_data  main.o
    0x08003f74   0x08003f74   0x00000044   Code   RO           42    i.bootloader_write_image_settings  main.o
    0x08003fb8   0x08003fb8   0x00000134   Code   RO           43    i.execute_flash_erase  main.o
    0x080040ec   0x080040ec   0x00000060   Code   RO           44    i.flash_execute_mem_write  main.o
    0x0800414c   0x0800414c   0x0000004c   Code   RO           45    i.get_CRC32         main.o
    0x08004198   0x08004198   0x00000004   Code   RO           46    i.get_bootloader_version  main.o
    0x0800419c   0x0800419c   0x000000c0   Code   RO           47    i.get_image_to_update  main.o
    0x0800425c   0x0800425c   0x0000025c   Code   RO           48    i.main              main.o
    0x080044b8   0x080044b8   0x0000001c   Code   RO           49    i.verify_crc        main.o
    0x080044d4   0x080044d4   0x0000001a   Code   RO           50    i.verify_image_crc  main.o
    0x080044ee   0x080044ee   0x00000002   PAD
    0x080044f0   0x080044f0   0x0000002c   Code   RO         2621    locale$$code        c_w.l(lc_numeric_c.o)
    0x0800451c   0x0800451c   0x0000002c   Code   RO         2657    locale$$code        c_w.l(lc_ctype_c.o)
    0x08004548   0x08004548   0x0000000a   Code   RO         2575    x$fpl$fpinit        fz_wm.l(fpinit.o)
    0x08004552   0x08004552   0x00000004   Code   RO         2510    x$fpl$printf1       fz_wm.l(printf1.o)
    0x08004556   0x08004556   0x00000004   Code   RO         2512    x$fpl$printf2       fz_wm.l(printf2.o)
    0x0800455a   0x0800455a   0x00000000   Code   RO         2645    x$fpl$usenofp       fz_wm.l(usenofp.o)
    0x0800455a   0x0800455a   0x00000018   Data   RO         2230    .constdata          system_stm32f4xx.o
    0x08004572   0x08004572   0x00000002   PAD
    0x08004574   0x08004574   0x00000008   Data   RO         2389    .constdata          c_w.l(_printf_wctomb.o)
    0x0800457c   0x0800457c   0x00000028   Data   RO         2418    .constdata          c_w.l(_printf_hex_int_ll_ptr.o)
    0x080045a4   0x080045a4   0x00000011   Data   RO         2438    .constdata          c_w.l(__printf_flags_ss_wp.o)
    0x080045b5   0x080045b5   0x00000026   Data   RO         2555    .constdata          c_w.l(_printf_fp_hex.o)
    0x080045db   0x080045db   0x00000001   PAD
    0x080045dc   0x080045dc   0x00000094   Data   RO         2596    .constdata          c_w.l(bigflt0.o)
    0x08004670   0x08004670   0x00000020   Data   RO         2713    Region$$Table       anon$$obj.o
    0x08004690   0x08004690   0x0000001c   Data   RO         2620    locale$$data        c_w.l(lc_numeric_c.o)
    0x080046ac   0x080046ac   0x00000110   Data   RO         2656    locale$$data        c_w.l(lc_ctype_c.o)


    Execution Region RW_IRAM2 (Exec base: 0x10000000, Load base: 0x080047d4, Size: 0x00000000, Max: 0x00010000, ABSOLUTE)

    **** No section assigned to this execution region ****


    Execution Region RW_IRAM1 (Exec base: 0x20000000, Load base: 0x080047bc, Size: 0x000007e8, Max: 0x00030000, ABSOLUTE)

    Exec Addr    Load Addr    Size         Type   Attr      Idx    E Section Name        Object

    0x20000000   0x080047bc   0x00000008   Data   RW           52    .data               main.o
    0x20000008   0x080047c4   0x00000009   Data   RW         1584    .data               stm32f4xx_hal.o
    0x20000011   0x080047cd   0x00000003   PAD
    0x20000014   0x080047d0   0x00000004   Data   RW         2231    .data               system_stm32f4xx.o
    0x20000018        -       0x00000150   Zero   RW           51    .bss                main.o
    0x20000168        -       0x00000020   Zero   RW          741    .bss                stm32f4xx_hal_flash.o
    0x20000188        -       0x00000060   Zero   RW         2521    .bss                c_w.l(libspace.o)
    0x200001e8        -       0x00000200   Zero   RW            2    HEAP                startup_stm32f429xx.o
    0x200003e8        -       0x00000400   Zero   RW            1    STACK               startup_stm32f429xx.o


==============================================================================

Image component sizes


      Code (inc. data)   RO Data    RW Data    ZI Data      Debug   Object Name

      4028       1490          0          8        336     765714   main.o
        64         26        428          0       1536        872   startup_stm32f429xx.o
       172         32          0          9          0       9097   stm32f4xx_hal.o
       272         22          0          0          0      33946   stm32f4xx_hal_cortex.o
        72          0          0          0          0       1908   stm32f4xx_hal_crc.o
       352         36          0          0         32       2902   stm32f4xx_hal_flash.o
       476         24          0          0          0       3434   stm32f4xx_hal_flash_ex.o
       556         54          0          0          0       2911   stm32f4xx_hal_gpio.o
       380         34          0          0          0       2407   stm32f4xx_hal_msp.o
      1820         84          0          0          0       5816   stm32f4xx_hal_rcc.o
      1246         10          0          0          0       5199   stm32f4xx_hal_uart.o
        34          0          0          0          0       4466   stm32f4xx_it.o
        20          6         24          4          0       1211   system_stm32f4xx.o

    ----------------------------------------------------------------------
      9502       1818        486         24       1904     839883   Object Totals
         0          0         32          0          0          0   (incl. Generated)
        10          0          2          3          0          0   (incl. Padding)

    ----------------------------------------------------------------------

      Code (inc. data)   RO Data    RW Data    ZI Data      Debug   Library Member Name

         8          0          0          0          0         68   __main.o
       392          4         17          0          0         92   __printf_flags_ss_wp.o
        14          0          0          0          0         68   __printf_wp.o
         0          0          0          0          0          0   __rtentry.o
        12          0          0          0          0          0   __rtentry2.o
         6          0          0          0          0          0   __rtentry4.o
        52          8          0          0          0          0   __scatter.o
        26          0          0          0          0          0   __scatter_copy.o
        28          0          0          0          0          0   __scatter_zi.o
         6          0          0          0          0          0   _printf_a.o
         6          0          0          0          0          0   _printf_c.o
        44          0          0          0          0        108   _printf_char.o
        48          6          0          0          0         96   _printf_char_common.o
        40          0          0          0          0         68   _printf_charcount.o
         6          0          0          0          0          0   _printf_d.o
       120         16          0          0          0         92   _printf_dec.o
         6          0          0          0          0          0   _printf_e.o
         6          0          0          0          0          0   _printf_f.o
      1054          0          0          0          0        216   _printf_fp_dec.o
       764          8         38          0          0        100   _printf_fp_hex.o
       128         16          0          0          0         84   _printf_fp_infnan.o
         6          0          0          0          0          0   _printf_g.o
       148          4         40          0          0        160   _printf_hex_int_ll_ptr.o
         6          0          0          0          0          0   _printf_i.o
       178          0          0          0          0         88   _printf_intcommon.o
        10          0          0          0          0          0   _printf_l.o
         6          0          0          0          0          0   _printf_lc.o
        10          0          0          0          0          0   _printf_ll.o
         6          0          0          0          0          0   _printf_lld.o
         6          0          0          0          0          0   _printf_lli.o
         6          0          0          0          0          0   _printf_llo.o
         6          0          0          0          0          0   _printf_llu.o
         6          0          0          0          0          0   _printf_llx.o
       124         16          0          0          0         92   _printf_longlong_dec.o
         6          0          0          0          0          0   _printf_ls.o
         6          0          0          0          0          0   _printf_n.o
         6          0          0          0          0          0   _printf_o.o
       112         10          0          0          0        124   _printf_oct_int_ll.o
         6          0          0          0          0          0   _printf_p.o
        78          0          0          0          0        108   _printf_pad.o
         0          0          0          0          0          0   _printf_percent.o
         4          0          0          0          0          0   _printf_percent_end.o
         6          0          0          0          0          0   _printf_s.o
        82          0          0          0          0         80   _printf_str.o
        36          0          0          0          0         84   _printf_truncate.o
         6          0          0          0          0          0   _printf_u.o
        44          0          0          0          0        108   _printf_wchar.o
       188          6          8          0          0         92   _printf_wctomb.o
         6          0          0          0          0          0   _printf_x.o
        10          0          0          0          0         68   _sputc.o
        64          0          0          0          0         92   _wcrtomb.o
       228          4        148          0          0         96   bigflt0.o
      1936        128          0          0          0        672   btod.o
        10          0          0          0          0         68   defsig_exit.o
        50          0          0          0          0         88   defsig_general.o
        80         58          0          0          0         76   defsig_rtmem_inner.o
        14          0          0          0          0         80   defsig_rtmem_outer.o
        18          0          0          0          0         80   exit.o
        94          0          0          0          0         80   h1_alloc.o
        52          0          0          0          0         68   h1_extend.o
        78          0          0          0          0         80   h1_free.o
        14          0          0          0          0         84   h1_init.o
         6          0          0          0          0        152   heapauxi.o
         4          0          0          0          0        136   hguard.o
         0          0          0          0          0          0   indicate_semi.o
       138          0          0          0          0        168   init_alloc.o
        44         10        272          0          0         76   lc_ctype_c.o
        44         10         28          0          0         76   lc_numeric_c.o
         2          0          0          0          0          0   libinit.o
        42          0          0          0          0          0   libinit2.o
         2          0          0          0          0          0   libshutdown.o
         2          0          0          0          0          0   libshutdown2.o
         8          4          0          0         96         68   libspace.o
       138          0          0          0          0         80   lludiv10.o
       238          0          0          0          0        100   lludivv7m.o
         0          0          0          0          0          0   maybetermalloc1.o
        16          4          0          0          0         76   rt_ctype_table.o
         8          4          0          0          0         68   rt_heap_descriptor_intlibspace.o
         8          4          0          0          0         68   rt_locale_intlibspace.o
        78          0          0          0          0         80   rt_memclr_w.o
       100          0          0          0          0         80   rt_memcpy_w.o
         2          0          0          0          0          0   rtexit.o
        10          0          0          0          0          0   rtexit2.o
       128          0          0          0          0         68   strcmpv7m.o
        62          0          0          0          0         76   strlen.o
        12          4          0          0          0         68   sys_exit.o
        74          0          0          0          0         80   sys_stackheap_outer.o
        14          0          0          0          0         76   sys_wrch.o
         2          0          0          0          0         68   use_no_semi.o
        36          4          0          0          0         76   vsprintf.o
        10          0          0          0          0        116   fpinit.o
         4          0          0          0          0        116   printf1.o
         4          0          0          0          0        116   printf2.o
         0          0          0          0          0          0   usenofp.o
        48          0          0          0          0        124   fpclassify.o

    ----------------------------------------------------------------------
      7824        328        552          0         96       5772   Library Totals
        22          0          1          0          0          0   (incl. Padding)

    ----------------------------------------------------------------------

      Code (inc. data)   RO Data    RW Data    ZI Data      Debug   Library Name

      7736        328        551          0         96       5300   c_w.l
        18          0          0          0          0        348   fz_wm.l
        48          0          0          0          0        124   m_wm.l

    ----------------------------------------------------------------------
      7824        328        552          0         96       5772   Library Totals

    ----------------------------------------------------------------------

==============================================================================


      Code (inc. data)   RO Data    RW Data    ZI Data      Debug   

     17326       2146       1038         24       2000     834691   Grand Totals
     17326       2146       1038         24       2000     834691   ELF Image Totals
     17326       2146       1038         24          0          0   ROM Totals

==============================================================================

    Total RO  Size (Code + RO Data)                18364 (  17.93kB)
    Total RW  Size (RW Data + ZI Data)              2024 (   1.98kB)
    Total ROM Size (Code + RO Data + RW Data)      18388 (  17.96kB)

==============================================================================

