<html>
<body>
<pre>
<h1>µVision Build Log</h1>
<h2>Tool Versions:</h2>
IDE-Version: µVision V5.38.0.0
Copyright (C) 2022 ARM Ltd and ARM Germany GmbH. All rights reserved.
License Information: Rakshit Goyal, ARM, LIC=----
 
Tool Versions:
Toolchain:       MDK-Lite  Version: 5.38.0.0
Toolchain Path:  D:\Rakshit\KeilMDK\ARM\ARM_Compiler_5.06u7\Bin
C Compiler:      Armcc.exe V5.06 update 7 (build 960)
Assembler:       Armasm.exe V5.06 update 7 (build 960)
Linker/Locator:  ArmLink.exe V5.06 update 7 (build 960)
Library Manager: ArmAr.exe V5.06 update 7 (build 960)
Hex Converter:   FromElf.exe V5.06 update 7 (build 960)
CPU DLL:         SARMCM3.DLL V5.38.0.0
Dialog DLL:      DCM.DLL V1.17.5.0
Target DLL:      STLink\ST-LINKIII-KEIL_SWO.dll V3.1.0.0
Dialog DLL:      TCM.DLL V1.56.4.0
 
<h2>Project:</h2>
D:\Rakshit\Workspace\KeilWorkspace\CustomBL_STM32\CustomBL_STM32\MDK-ARM\CustomBL_STM32.uvprojx
Project File Date:  07/11/2023

<h2>Output:</h2>
*** Using Compiler 'V5.06 update 7 (build 960)', folder: 'D:\Rakshit\KeilMDK\ARM\ARM_Compiler_5.06u7\Bin'
Build target 'CustomBL_STM32'
compiling stm32f4xx_it.c...
compiling stm32f4xx_hal_msp.c...
compiling main.c...
../Core/Src/main.c(187): warning:  #513-D: a value of type "void *" cannot be assigned to an entity of type "void (*)(void)"
  	reset_handler = (void*) reset_handler_address;
../Core/Src/main.c(567): warning:  #144-D: a value of type "void *" cannot be used to initialize an entity of type "void (*)(void)"
    void (*jump_to) (void) = (void*) addr;
../Core/Src/main.c(722): warning:  #144-D: a value of type "void *" cannot be used to initialize an entity of type "void (*)(void)"
  	void (*jump_to_image) (void) = (void *) image_reset_handler_address;
../Core/Src/main.c: 3 warnings, 0 errors
linking...
Program Size: Code=15710 RO-data=1038 RW-data=24 ZI-data=2000  
FromELF: creating hex file...
"CustomBL_STM32\CustomBL_STM32.axf" - 0 Error(s), 3 Warning(s).

<h2>Software Packages used:</h2>

Package Vendor: ARM
                http://www.keil.com/pack/ARM.CMSIS.5.9.0.pack
                ARM.CMSIS.5.9.0
                CMSIS (Common Microcontroller Software Interface Standard)
   * Component: CORE Version: 5.6.0

Package Vendor: Keil
                http://www.keil.com/pack/Keil.STM32F4xx_DFP.2.16.0.pack
                Keil.STM32F4xx_DFP.2.16.0
                STMicroelectronics STM32F4 Series Device Support, Drivers and Examples

<h2>Collection of Component include folders:</h2>
  ./RTE/_CustomBL_STM32
  D:/Rakshit/KeilMDK/ARM/CMSIS/5.9.0/CMSIS/Core/Include
  D:/Rakshit/KeilMDK/Keil/STM32F4xx_DFP/2.16.0/Drivers/CMSIS/Device/ST/STM32F4xx/Include

<h2>Collection of Component Files used:</h2>

   * Component: ARM::CMSIS:CORE:5.6.0
      Include file:  CMSIS/Core/Include/tz_context.h
Build Time Elapsed:  00:00:03
</pre>
</body>
</html>
